Archive member included to satisfy reference by file (symbol)

c:/program files (x86)/atmel/studio/7.0/toolchain/arm/arm-gnu-toolchain/bin/../lib/gcc/arm-none-eabi/6.3.1/../../../../arm-none-eabi/lib/thumb/v7e-m\libm.a(lib_a-s_cos.o)
                              src/main.o (cos)
c:/program files (x86)/atmel/studio/7.0/toolchain/arm/arm-gnu-toolchain/bin/../lib/gcc/arm-none-eabi/6.3.1/../../../../arm-none-eabi/lib/thumb/v7e-m\libm.a(lib_a-w_asin.o)
                              src/main.o (asin)
c:/program files (x86)/atmel/studio/7.0/toolchain/arm/arm-gnu-toolchain/bin/../lib/gcc/arm-none-eabi/6.3.1/../../../../arm-none-eabi/lib/thumb/v7e-m\libm.a(lib_a-w_sqrt.o)
                              src/main.o (sqrt)
c:/program files (x86)/atmel/studio/7.0/toolchain/arm/arm-gnu-toolchain/bin/../lib/gcc/arm-none-eabi/6.3.1/../../../../arm-none-eabi/lib/thumb/v7e-m\libm.a(lib_a-e_asin.o)
                              c:/program files (x86)/atmel/studio/7.0/toolchain/arm/arm-gnu-toolchain/bin/../lib/gcc/arm-none-eabi/6.3.1/../../../../arm-none-eabi/lib/thumb/v7e-m\libm.a(lib_a-w_asin.o) (__ieee754_asin)
c:/program files (x86)/atmel/studio/7.0/toolchain/arm/arm-gnu-toolchain/bin/../lib/gcc/arm-none-eabi/6.3.1/../../../../arm-none-eabi/lib/thumb/v7e-m\libm.a(lib_a-e_rem_pio2.o)
                              c:/program files (x86)/atmel/studio/7.0/toolchain/arm/arm-gnu-toolchain/bin/../lib/gcc/arm-none-eabi/6.3.1/../../../../arm-none-eabi/lib/thumb/v7e-m\libm.a(lib_a-s_cos.o) (__ieee754_rem_pio2)
c:/program files (x86)/atmel/studio/7.0/toolchain/arm/arm-gnu-toolchain/bin/../lib/gcc/arm-none-eabi/6.3.1/../../../../arm-none-eabi/lib/thumb/v7e-m\libm.a(lib_a-e_sqrt.o)
                              c:/program files (x86)/atmel/studio/7.0/toolchain/arm/arm-gnu-toolchain/bin/../lib/gcc/arm-none-eabi/6.3.1/../../../../arm-none-eabi/lib/thumb/v7e-m\libm.a(lib_a-w_sqrt.o) (__ieee754_sqrt)
c:/program files (x86)/atmel/studio/7.0/toolchain/arm/arm-gnu-toolchain/bin/../lib/gcc/arm-none-eabi/6.3.1/../../../../arm-none-eabi/lib/thumb/v7e-m\libm.a(lib_a-k_cos.o)
                              c:/program files (x86)/atmel/studio/7.0/toolchain/arm/arm-gnu-toolchain/bin/../lib/gcc/arm-none-eabi/6.3.1/../../../../arm-none-eabi/lib/thumb/v7e-m\libm.a(lib_a-s_cos.o) (__kernel_cos)
c:/program files (x86)/atmel/studio/7.0/toolchain/arm/arm-gnu-toolchain/bin/../lib/gcc/arm-none-eabi/6.3.1/../../../../arm-none-eabi/lib/thumb/v7e-m\libm.a(lib_a-k_rem_pio2.o)
                              c:/program files (x86)/atmel/studio/7.0/toolchain/arm/arm-gnu-toolchain/bin/../lib/gcc/arm-none-eabi/6.3.1/../../../../arm-none-eabi/lib/thumb/v7e-m\libm.a(lib_a-e_rem_pio2.o) (__kernel_rem_pio2)
c:/program files (x86)/atmel/studio/7.0/toolchain/arm/arm-gnu-toolchain/bin/../lib/gcc/arm-none-eabi/6.3.1/../../../../arm-none-eabi/lib/thumb/v7e-m\libm.a(lib_a-k_sin.o)
                              c:/program files (x86)/atmel/studio/7.0/toolchain/arm/arm-gnu-toolchain/bin/../lib/gcc/arm-none-eabi/6.3.1/../../../../arm-none-eabi/lib/thumb/v7e-m\libm.a(lib_a-s_cos.o) (__kernel_sin)
c:/program files (x86)/atmel/studio/7.0/toolchain/arm/arm-gnu-toolchain/bin/../lib/gcc/arm-none-eabi/6.3.1/../../../../arm-none-eabi/lib/thumb/v7e-m\libm.a(lib_a-s_fabs.o)
                              c:/program files (x86)/atmel/studio/7.0/toolchain/arm/arm-gnu-toolchain/bin/../lib/gcc/arm-none-eabi/6.3.1/../../../../arm-none-eabi/lib/thumb/v7e-m\libm.a(lib_a-w_asin.o) (fabs)
c:/program files (x86)/atmel/studio/7.0/toolchain/arm/arm-gnu-toolchain/bin/../lib/gcc/arm-none-eabi/6.3.1/../../../../arm-none-eabi/lib/thumb/v7e-m\libm.a(lib_a-s_floor.o)
                              c:/program files (x86)/atmel/studio/7.0/toolchain/arm/arm-gnu-toolchain/bin/../lib/gcc/arm-none-eabi/6.3.1/../../../../arm-none-eabi/lib/thumb/v7e-m\libm.a(lib_a-k_rem_pio2.o) (floor)
c:/program files (x86)/atmel/studio/7.0/toolchain/arm/arm-gnu-toolchain/bin/../lib/gcc/arm-none-eabi/6.3.1/../../../../arm-none-eabi/lib/thumb/v7e-m\libm.a(lib_a-s_lib_ver.o)
                              c:/program files (x86)/atmel/studio/7.0/toolchain/arm/arm-gnu-toolchain/bin/../lib/gcc/arm-none-eabi/6.3.1/../../../../arm-none-eabi/lib/thumb/v7e-m\libm.a(lib_a-w_asin.o) (__fdlib_version)
c:/program files (x86)/atmel/studio/7.0/toolchain/arm/arm-gnu-toolchain/bin/../lib/gcc/arm-none-eabi/6.3.1/../../../../arm-none-eabi/lib/thumb/v7e-m\libm.a(lib_a-s_matherr.o)
                              c:/program files (x86)/atmel/studio/7.0/toolchain/arm/arm-gnu-toolchain/bin/../lib/gcc/arm-none-eabi/6.3.1/../../../../arm-none-eabi/lib/thumb/v7e-m\libm.a(lib_a-w_asin.o) (matherr)
c:/program files (x86)/atmel/studio/7.0/toolchain/arm/arm-gnu-toolchain/bin/../lib/gcc/arm-none-eabi/6.3.1/../../../../arm-none-eabi/lib/thumb/v7e-m\libm.a(lib_a-s_nan.o)
[...]
Memory Configuration

Name             Origin             Length             Attributes
rom              0x00000000         0x00040000         xr
ram              0x20000000         0x00008000         xrw
*default*        0x00000000         0xffffffff

Linker script and memory map

LOAD c:/program files (x86)/atmel/studio/7.0/toolchain/arm/arm-gnu-toolchain/bin/../lib/gcc/arm-none-eabi/6.3.1/thumb/v7e-m/crti.o
LOAD c:/program files (x86)/atmel/studio/7.0/toolchain/arm/arm-gnu-toolchain/bin/../lib/gcc/arm-none-eabi/6.3.1/thumb/v7e-m/crtbegin.o
LOAD c:/program files (x86)/atmel/studio/7.0/toolchain/arm/arm-gnu-toolchain/bin/../lib/gcc/arm-none-eabi/6.3.1/../../../../arm-none-eabi/lib/thumb/v7e-m/crt0.o
LOAD src/ASF/common/services/serial/usart_serial.o
LOAD src/ASF/common/utils/stdio/read.o
LOAD src/ASF/common/utils/stdio/write.o
LOAD src/ASF/sam/drivers/twim/twim.o
LOAD src/ASF/sam/drivers/usart/usart.o
LOAD src/ASF/common/services/sleepmgr/sam4l/sleepmgr.o
LOAD src/ASF/sam/components/display/c42412a/c42412a_lcdca.o
LOAD src/ASF/sam/drivers/eic/eic.o
LOAD src/ASF/sam/drivers/gpio/gpio.o
LOAD src/ASF/sam/drivers/lcdca/lcdca.o
LOAD src/ASF/sam/drivers/pdca/pdca.o
LOAD src/ASF/sam/drivers/tc/tc.o
LOAD src/ASF/common/services/clock/sam4l/dfll.o
LOAD src/ASF/common/services/clock/sam4l/osc.o
LOAD src/ASF/common/services/clock/sam4l/pll.o
LOAD src/ASF/common/services/clock/sam4l/sysclk.o
LOAD src/ASF/common/utils/interrupt/interrupt_sam_nvic.o
LOAD src/ASF/sam/boards/sam4l8_xplained_pro/init.o
LOAD src/ASF/sam/drivers/bpm/bpm.o
LOAD src/ASF/sam/drivers/flashcalw/flashcalw.o
LOAD src/ASF/sam/drivers/wdt/wdt_sam4l.o
LOAD src/ASF/sam/utils/cmsis/sam4l/source/templates/exceptions.o
LOAD src/ASF/sam/utils/cmsis/sam4l/source/templates/gcc/startup_sam4l.o
LOAD src/ASF/sam/utils/cmsis/sam4l/source/templates/system_sam4l.o
LOAD src/ASF/sam/utils/syscalls/gcc/syscalls.o
LOAD src/main.o
START GROUP
LOAD ../src/ASF/thirdparty/CMSIS/Lib/GCC\libarm_cortexM4l_math.a
LOAD c:/program files (x86)/atmel/studio/7.0/toolchain/arm/arm-gnu-toolchain/bin/../lib/gcc/arm-none-eabi/6.3.1/../../../../arm-none-eabi/lib/thumb/v7e-m\libm.a
END GROUP
LOAD c:/program files (x86)/atmel/studio/7.0/toolchain/arm/arm-gnu-toolchain/bin/../lib/gcc/arm-none-eabi/6.3.1/../../../../arm-none-eabi/lib/thumb/v7e-m\libc_nano.a
START GROUP
LOAD c:/program files (x86)/atmel/studio/7.0/toolchain/arm/arm-gnu-toolchain/bin/../lib/gcc/arm-none-eabi/6.3.1/thumb/v7e-m\libgcc.a
LOAD c:/program files (x86)/atmel/studio/7.0/toolchain/arm/arm-gnu-toolchain/bin/../lib/gcc/arm-none-eabi/6.3.1/../../../../arm-none-eabi/lib/thumb/v7e-m\libc_nano.a
END GROUP
START GROUP
LOAD c:/program files (x86)/atmel/studio/7.0/toolchain/arm/arm-gnu-toolchain/bin/../lib/gcc/arm-none-eabi/6.3.1/thumb/v7e-m\libgcc.a
LOAD c:/program files (x86)/atmel/studio/7.0/toolchain/arm/arm-gnu-toolchain/bin/../lib/gcc/arm-none-eabi/6.3.1/../../../../arm-none-eabi/lib/thumb/v7e-m\libc_nano.a
END GROUP
LOAD c:/program files (x86)/atmel/studio/7.0/toolchain/arm/arm-gnu-toolchain/bin/../lib/gcc/arm-none-eabi/6.3.1/thumb/v7e-m/crtend.o
LOAD c:/program files (x86)/atmel/studio/7.0/toolchain/arm/arm-gnu-toolchain/bin/../lib/gcc/arm-none-eabi/6.3.1/thumb/v7e-m/crtn.o
                0x00001000                __stack_size__ = DEFINED (__stack_size__)?__stack_size__:0x1000
                0x20007ffc                __ram_end__ = ((ORIGIN (ram) + LENGTH (ram)) - 0x4)

.text           0x00000000     0xc720
                0x00000000                . = ALIGN (0x4)
                0x00000000                _sfixed = .
 *(.vectors .vectors.*)
 .vectors       0x00000000      0x180 src/ASF/sam/utils/cmsis/sam4l/source/templates/gcc/startup_sam4l.o
                0x00000000                exception_table
 *(.text .text.* .gnu.linkonce.t.*)
 .text          0x00000180       0x6c c:/program files (x86)/atmel/studio/7.0/toolchain/arm/arm-gnu-toolchain/bin/../lib/gcc/arm-none-eabi/6.3.1/thumb/v7e-m/crtbegin.o
 .text._read    0x000001ec       0x54 src/ASF/common/utils/stdio/read.o
                0x000001ec                _read
 .text._write   0x00000240       0x6c src/ASF/common/utils/stdio/write.o
                0x00000240                _write
 .text.__NVIC_EnableIRQ
                0x000002ac       0x38 src/ASF/sam/drivers/twim/twim.o
 .text.__NVIC_ClearPendingIRQ
                0x000002e4       0x3c src/ASF/sam/drivers/twim/twim.o
 .text.__NVIC_SetPriority
                0x00000320       0x54 src/ASF/sam/drivers/twim/twim.o
 .text.cpu_irq_save
                0x00000374       0x38 src/ASF/sam/drivers/twim/twim.o
 .text.cpu_irq_is_enabled_flags
                0x000003ac       0x1e src/ASF/sam/drivers/twim/twim.o
 *fill*         0x000003ca        0x2 
 .text.cpu_irq_restore
                0x000003cc       0x30 src/ASF/sam/drivers/twim/twim.o
 .text.sleepmgr_sleep
                0x000003fc       0x34 src/ASF/sam/drivers/twim/twim.o
 .text.sleepmgr_init
                0x00000430       0x34 src/ASF/sam/drivers/twim/twim.o
 .text.sleepmgr_lock_mode
                0x00000464       0x44 src/ASF/sam/drivers/twim/twim.o
 .text.sleepmgr_unlock_mode
                0x000004a8       0x44 src/ASF/sam/drivers/twim/twim.o
 .text.sleepmgr_get_sleep_mode
                0x000004ec       0x34 src/ASF/sam/drivers/twim/twim.o
 .text.sleepmgr_enter_sleep
                0x00000520       0x48 src/ASF/sam/drivers/twim/twim.o
 .text.find_twim_channel_num
                0x00000568       0x54 src/ASF/sam/drivers/twim/twim.o
 .text.twim_default_callback
                0x000005bc      0x484 src/ASF/sam/drivers/twim/twim.o
                0x000005bc                twim_default_callback
 .text.twim_set_speed
                0x00000a40       0x86 src/ASF/sam/drivers/twim/twim.o
                0x00000a40                twim_set_speed
 .text.twim_set_hsmode_speed
                0x00000ac6       0x86 src/ASF/sam/drivers/twim/twim.o
                0x00000ac6                twim_set_hsmode_speed
 .text.twim_set_config
                0x00000b4c      0x130 src/ASF/sam/drivers/twim/twim.o
                0x00000b4c                twim_set_config
 .text.twim_enable_interrupt
                0x00000c7c       0x1a src/ASF/sam/drivers/twim/twim.o
                0x00000c7c                twim_enable_interrupt
 *fill*         0x00000c96        0x2 
 .text.twi_master_read
                0x00000c98      0x4f0 src/ASF/sam/drivers/twim/twim.o
                0x00000c98                twi_master_read
 .text.twi_master_write
                0x00001188      0x280 src/ASF/sam/drivers/twim/twim.o
                0x00001188                twi_master_write
 .text.twim_get_status
                0x00001408       0x16 src/ASF/sam/drivers/twim/twim.o
                0x00001408                twim_get_status
 *fill*         0x0000141e        0x2 
 .text.twim_set_callback
                0x00001420       0xb0 src/ASF/sam/drivers/twim/twim.o
                0x00001420                twim_set_callback
 .text.TWIM0_Handler
                0x000014d0       0x18 src/ASF/sam/drivers/twim/twim.o
                0x000014d0                TWIM0_Handler
 .text.TWIM1_Handler
                0x000014e8       0x18 src/ASF/sam/drivers/twim/twim.o
                0x000014e8                TWIM1_Handler
 .text.TWIM2_Handler
                0x00001500       0x18 src/ASF/sam/drivers/twim/twim.o
                0x00001500                TWIM2_Handler
 .text.TWIM3_Handler
                0x00001518       0x18 src/ASF/sam/drivers/twim/twim.o
                0x00001518                TWIM3_Handler
 .text.usart_set_async_baudrate
                0x00001530       0x88 src/ASF/sam/drivers/usart/usart.o
                0x00001530                usart_set_async_baudrate
 .text.usart_reset
                0x000015b8       0x60 src/ASF/sam/drivers/usart/usart.o
                0x000015b8                usart_reset
 .text.usart_init_rs232
                0x00001618       0x84 src/ASF/sam/drivers/usart/usart.o
                0x00001618                usart_init_rs232
 .text.usart_enable_tx
                0x0000169c       0x18 src/ASF/sam/drivers/usart/usart.o
                0x0000169c                usart_enable_tx
 .text.usart_reset_tx
                0x000016b4       0x18 src/ASF/sam/drivers/usart/usart.o
                0x000016b4                usart_reset_tx
 .text.usart_enable_rx
                0x000016cc       0x18 src/ASF/sam/drivers/usart/usart.o
                0x000016cc                usart_enable_rx
 .text.usart_reset_rx
                0x000016e4       0x18 src/ASF/sam/drivers/usart/usart.o
                0x000016e4                usart_reset_rx
 .text.usart_reset_status
                0x000016fc       0x1a src/ASF/sam/drivers/usart/usart.o
                0x000016fc                usart_reset_status
 .text.usart_drive_DTR_pin_high
                0x00001716       0x1a src/ASF/sam/drivers/usart/usart.o
                0x00001716                usart_drive_DTR_pin_high
 .text.usart_drive_RTS_pin_high
                0x00001730       0x1a src/ASF/sam/drivers/usart/usart.o
                0x00001730                usart_drive_RTS_pin_high
 .text.usart_write
                0x0000174a       0x30 src/ASF/sam/drivers/usart/usart.o
                0x0000174a                usart_write
 .text.usart_read
                0x0000177a       0x32 src/ASF/sam/drivers/usart/usart.o
                0x0000177a                usart_read
 .text.usart_disable_writeprotect
                0x000017ac       0x20 src/ASF/sam/drivers/usart/usart.o
                0x000017ac                usart_disable_writeprotect
 .text.lcdca_clear_display_memory
                0x000017cc       0x18 src/ASF/sam/components/display/c42412a/c42412a_lcdca.o
 .text.lcdca_blink_disable
                0x000017e4       0x18 src/ASF/sam/components/display/c42412a/c42412a_lcdca.o
 .text.lcdca_automated_char_stop
                0x000017fc       0x24 src/ASF/sam/components/display/c42412a/c42412a_lcdca.o
 .text.lcdca_circular_shift_disable
                0x00001820       0x18 src/ASF/sam/components/display/c42412a/c42412a_lcdca.o
 .text.c42412a_init
                0x00001838       0x6c src/ASF/sam/components/display/c42412a/c42412a_lcdca.o
                0x00001838                c42412a_init
 .text.c42412a_clear_all
                0x000018a4       0x28 src/ASF/sam/components/display/c42412a/c42412a_lcdca.o
                0x000018a4                c42412a_clear_all
 .text.c42412a_show_text
                0x000018cc       0x24 src/ASF/sam/components/display/c42412a/c42412a_lcdca.o
                0x000018cc                c42412a_show_text
 .text.c42412a_clear_text
                0x000018f0       0x34 src/ASF/sam/components/display/c42412a/c42412a_lcdca.o
                0x000018f0                c42412a_clear_text
 .text.c42412a_show_icon
                0x00001924       0x40 src/ASF/sam/components/display/c42412a/c42412a_lcdca.o
                0x00001924                c42412a_show_icon
 .text.c42412a_clear_icon
                0x00001964       0x28 src/ASF/sam/components/display/c42412a/c42412a_lcdca.o
                0x00001964                c42412a_clear_icon
 .text.c42412a_show_numeric_dec
                0x0000198c       0x98 src/ASF/sam/components/display/c42412a/c42412a_lcdca.o
                0x0000198c                c42412a_show_numeric_dec
 .text.eic_line_interrupt
                0x00001a24       0x2c src/ASF/sam/drivers/eic/eic.o
 .text.NMI_Handler
                0x00001a50       0x14 src/ASF/sam/drivers/eic/eic.o
                0x00001a50                NMI_Handler
 .text.EIC_1_Handler
                0x00001a64       0x14 src/ASF/sam/drivers/eic/eic.o
                0x00001a64                EIC_1_Handler
 .text.EIC_2_Handler
                0x00001a78       0x14 src/ASF/sam/drivers/eic/eic.o
                0x00001a78                EIC_2_Handler
 .text.EIC_3_Handler
                0x00001a8c       0x14 src/ASF/sam/drivers/eic/eic.o
                0x00001a8c                EIC_3_Handler
 .text.EIC_4_Handler
                0x00001aa0       0x14 src/ASF/sam/drivers/eic/eic.o
                0x00001aa0                EIC_4_Handler
 .text.EIC_5_Handler
                0x00001ab4       0x14 src/ASF/sam/drivers/eic/eic.o
                0x00001ab4                EIC_5_Handler
 .text.EIC_6_Handler
                0x00001ac8       0x14 src/ASF/sam/drivers/eic/eic.o
                0x00001ac8                EIC_6_Handler
 .text.EIC_7_Handler
                0x00001adc       0x14 src/ASF/sam/drivers/eic/eic.o
                0x00001adc                EIC_7_Handler
 .text.EIC_8_Handler
                0x00001af0       0x14 src/ASF/sam/drivers/eic/eic.o
                0x00001af0                EIC_8_Handler
 .text.__NVIC_EnableIRQ
                0x00001b04       0x38 src/ASF/sam/drivers/gpio/gpio.o
 .text.__NVIC_ClearPendingIRQ
                0x00001b3c       0x3c src/ASF/sam/drivers/gpio/gpio.o
 .text.__NVIC_SetPriority
                0x00001b78       0x54 src/ASF/sam/drivers/gpio/gpio.o
 .text.ioport_pin_to_port_id
                0x00001bcc       0x1c src/ASF/sam/drivers/gpio/gpio.o
 .text.ioport_pin_to_mask
                0x00001be8       0x24 src/ASF/sam/drivers/gpio/gpio.o
 .text.gpio_set_pin_callback
                0x00001c0c       0xd8 src/ASF/sam/drivers/gpio/gpio.o
                0x00001c0c                gpio_set_pin_callback
 .text.gpio_common_handler
                0x00001ce4       0x9c src/ASF/sam/drivers/gpio/gpio.o
 .text.GPIO_0_Handler
                0x00001d80       0x14 src/ASF/sam/drivers/gpio/gpio.o
                0x00001d80                GPIO_0_Handler
 .text.GPIO_1_Handler
                0x00001d94       0x18 src/ASF/sam/drivers/gpio/gpio.o
                0x00001d94                GPIO_1_Handler
 .text.GPIO_2_Handler
                0x00001dac       0x18 src/ASF/sam/drivers/gpio/gpio.o
                0x00001dac                GPIO_2_Handler
 .text.GPIO_3_Handler
                0x00001dc4       0x18 src/ASF/sam/drivers/gpio/gpio.o
                0x00001dc4                GPIO_3_Handler
 .text.GPIO_4_Handler
                0x00001ddc       0x14 src/ASF/sam/drivers/gpio/gpio.o
                0x00001ddc                GPIO_4_Handler
 .text.GPIO_5_Handler
                0x00001df0       0x18 src/ASF/sam/drivers/gpio/gpio.o
                0x00001df0                GPIO_5_Handler
 .text.GPIO_6_Handler
                0x00001e08       0x18 src/ASF/sam/drivers/gpio/gpio.o
                0x00001e08                GPIO_6_Handler
 .text.GPIO_7_Handler
                0x00001e20       0x18 src/ASF/sam/drivers/gpio/gpio.o
                0x00001e20                GPIO_7_Handler
 .text.GPIO_8_Handler
                0x00001e38       0x14 src/ASF/sam/drivers/gpio/gpio.o
                0x00001e38                GPIO_8_Handler
 .text.GPIO_9_Handler
                0x00001e4c       0x18 src/ASF/sam/drivers/gpio/gpio.o
                0x00001e4c                GPIO_9_Handler
 .text.GPIO_10_Handler
                0x00001e64       0x18 src/ASF/sam/drivers/gpio/gpio.o
                0x00001e64                GPIO_10_Handler
 .text.GPIO_11_Handler
                0x00001e7c       0x18 src/ASF/sam/drivers/gpio/gpio.o
                0x00001e7c                GPIO_11_Handler
 .text.cpu_irq_save
                0x00001e94       0x38 src/ASF/sam/drivers/lcdca/lcdca.o
 .text.cpu_irq_is_enabled_flags
                0x00001ecc       0x1e src/ASF/sam/drivers/lcdca/lcdca.o
 *fill*         0x00001eea        0x2 
 .text.cpu_irq_restore
                0x00001eec       0x30 src/ASF/sam/drivers/lcdca/lcdca.o
 .text.osc_enable
                0x00001f1c       0x7c src/ASF/sam/drivers/lcdca/lcdca.o
 .text.osc_is_ready
                0x00001f98       0xc4 src/ASF/sam/drivers/lcdca/lcdca.o
 .text.osc_wait_ready
                0x0000205c       0x2c src/ASF/sam/drivers/lcdca/lcdca.o
 .text.lcdca_clear_status
                0x00002088       0x18 src/ASF/sam/drivers/lcdca/lcdca.o
 .text.sleepmgr_lock_mode
                0x000020a0       0x44 src/ASF/sam/drivers/lcdca/lcdca.o
 .text.lcdca_clk_init
                0x000020e4       0x50 src/ASF/sam/drivers/lcdca/lcdca.o
                0x000020e4                lcdca_clk_init
 .text.lcdca_set_config
                0x00002134       0x9c src/ASF/sam/drivers/lcdca/lcdca.o
                0x00002134                lcdca_set_config
 .text.lcdca_enable
                0x000021d0       0x40 src/ASF/sam/drivers/lcdca/lcdca.o
                0x000021d0                lcdca_enable
 .text.lcdca_set_contrast
                0x00002210       0x5c src/ASF/sam/drivers/lcdca/lcdca.o
                0x00002210                lcdca_set_contrast
 .text.lcdca_enable_timer
                0x0000226c       0x6c src/ASF/sam/drivers/lcdca/lcdca.o
                0x0000226c                lcdca_enable_timer
 .text.lcdca_clear_blink_pixel
                0x000022d8       0x5c src/ASF/sam/drivers/lcdca/lcdca.o
                0x000022d8                lcdca_clear_blink_pixel
 .text.lcdca_write_packet
                0x00002334       0x68 src/ASF/sam/drivers/lcdca/lcdca.o
                0x00002334                lcdca_write_packet
 .text.lcdca_get_pixel_register
                0x0000239c       0xf8 src/ASF/sam/drivers/lcdca/lcdca.o
 .text.lcdca_set_pixel
                0x00002494       0xf4 src/ASF/sam/drivers/lcdca/lcdca.o
                0x00002494                lcdca_set_pixel
 .text.lcdca_clear_pixel
                0x00002588       0xfc src/ASF/sam/drivers/lcdca/lcdca.o
                0x00002588                lcdca_clear_pixel
 .text.LCDCA_Handler
                0x00002684       0x24 src/ASF/sam/drivers/lcdca/lcdca.o
                0x00002684                LCDCA_Handler
 .text.pdca_channel_get_handler
                0x000026a8       0x2e src/ASF/sam/drivers/pdca/pdca.o
                0x000026a8                pdca_channel_get_handler
 *fill*         0x000026d6        0x2 
 .text.pdca_get_channel_status
                0x000026d8       0x68 src/ASF/sam/drivers/pdca/pdca.o
                0x000026d8                pdca_get_channel_status
 .text.pdca_channel_disable
                0x00002740       0x28 src/ASF/sam/drivers/pdca/pdca.o
                0x00002740                pdca_channel_disable
 .text.pdca_channel_interrupt
                0x00002768       0x40 src/ASF/sam/drivers/pdca/pdca.o
 .text.PDCA_0_Handler
                0x000027a8       0x14 src/ASF/sam/drivers/pdca/pdca.o
                0x000027a8                PDCA_0_Handler
 .text.PDCA_1_Handler
                0x000027bc       0x14 src/ASF/sam/drivers/pdca/pdca.o
                0x000027bc                PDCA_1_Handler
 .text.PDCA_2_Handler
                0x000027d0       0x14 src/ASF/sam/drivers/pdca/pdca.o
                0x000027d0                PDCA_2_Handler
 .text.PDCA_3_Handler
                0x000027e4       0x14 src/ASF/sam/drivers/pdca/pdca.o
                0x000027e4                PDCA_3_Handler
 .text.PDCA_4_Handler
                0x000027f8       0x14 src/ASF/sam/drivers/pdca/pdca.o
                0x000027f8                PDCA_4_Handler
 .text.PDCA_5_Handler
                0x0000280c       0x14 src/ASF/sam/drivers/pdca/pdca.o
                0x0000280c                PDCA_5_Handler
 .text.PDCA_6_Handler
                0x00002820       0x14 src/ASF/sam/drivers/pdca/pdca.o
                0x00002820                PDCA_6_Handler
 .text.PDCA_7_Handler
                0x00002834       0x14 src/ASF/sam/drivers/pdca/pdca.o
                0x00002834                PDCA_7_Handler
 .text.PDCA_8_Handler
                0x00002848       0x14 src/ASF/sam/drivers/pdca/pdca.o
                0x00002848                PDCA_8_Handler
 .text.PDCA_9_Handler
                0x0000285c       0x14 src/ASF/sam/drivers/pdca/pdca.o
                0x0000285c                PDCA_9_Handler
 .text.PDCA_10_Handler
                0x00002870       0x14 src/ASF/sam/drivers/pdca/pdca.o
                0x00002870                PDCA_10_Handler
 .text.PDCA_11_Handler
                0x00002884       0x14 src/ASF/sam/drivers/pdca/pdca.o
                0x00002884                PDCA_11_Handler
 .text.PDCA_12_Handler
                0x00002898       0x14 src/ASF/sam/drivers/pdca/pdca.o
                0x00002898                PDCA_12_Handler
 .text.PDCA_13_Handler
                0x000028ac       0x14 src/ASF/sam/drivers/pdca/pdca.o
                0x000028ac                PDCA_13_Handler
 .text.PDCA_14_Handler
                0x000028c0       0x14 src/ASF/sam/drivers/pdca/pdca.o
                0x000028c0                PDCA_14_Handler
 .text.PDCA_15_Handler
                0x000028d4       0x14 src/ASF/sam/drivers/pdca/pdca.o
                0x000028d4                PDCA_15_Handler
 .text.cpu_irq_save
                0x000028e8       0x38 src/ASF/common/services/clock/sam4l/dfll.o
 .text.cpu_irq_is_enabled_flags
                0x00002920       0x1e src/ASF/common/services/clock/sam4l/dfll.o
 *fill*         0x0000293e        0x2 
 .text.cpu_irq_restore
                0x00002940       0x30 src/ASF/common/services/clock/sam4l/dfll.o
 .text.osc_enable
                0x00002970       0x7c src/ASF/common/services/clock/sam4l/dfll.o
 .text.osc_is_ready
                0x000029ec       0xc4 src/ASF/common/services/clock/sam4l/dfll.o
 .text.osc_wait_ready
                0x00002ab0       0x2c src/ASF/common/services/clock/sam4l/dfll.o
 .text.genclk_config_defaults
                0x00002adc       0x1a src/ASF/common/services/clock/sam4l/dfll.o
 .text.genclk_config_set_source
                0x00002af6       0x2c src/ASF/common/services/clock/sam4l/dfll.o
 .text.genclk_config_set_divider
                0x00002b22       0x48 src/ASF/common/services/clock/sam4l/dfll.o
 *fill*         0x00002b6a        0x2 
 .text.genclk_enable
                0x00002b6c       0x2c src/ASF/common/services/clock/sam4l/dfll.o
 .text.dfll_config_set_max_step
                0x00002b98       0x2c src/ASF/common/services/clock/sam4l/dfll.o
 .text.dfll_priv_set_frequency_range
                0x00002bc4       0x78 src/ASF/common/services/clock/sam4l/dfll.o
 .text.dfll_config_init_closed_loop_mode
                0x00002c3c       0xac src/ASF/common/services/clock/sam4l/dfll.o
 .text.dfll_is_fine_locked
                0x00002ce8       0x28 src/ASF/common/services/clock/sam4l/dfll.o
 .text.dfll_enable_source
                0x00002d10       0xf8 src/ASF/common/services/clock/sam4l/dfll.o
 .text.dfll_enable_closed_loop
                0x00002e08       0xf8 src/ASF/common/services/clock/sam4l/dfll.o
                0x00002e08                dfll_enable_closed_loop
 .text.dfll_enable_config_defaults
                0x00002f00       0x98 src/ASF/common/services/clock/sam4l/dfll.o
                0x00002f00                dfll_enable_config_defaults
 .text.cpu_irq_save
                0x00002f98       0x38 src/ASF/common/services/clock/sam4l/osc.o
 .text.cpu_irq_is_enabled_flags
                0x00002fd0       0x1e src/ASF/common/services/clock/sam4l/osc.o
 *fill*         0x00002fee        0x2 
 .text.cpu_irq_restore
                0x00002ff0       0x30 src/ASF/common/services/clock/sam4l/osc.o
 .text.osc_priv_enable_osc0
                0x00003020       0x3c src/ASF/common/services/clock/sam4l/osc.o
                0x00003020                osc_priv_enable_osc0
 .text.osc_priv_enable_osc32
                0x0000305c       0x3c src/ASF/common/services/clock/sam4l/osc.o
                0x0000305c                osc_priv_enable_osc32
 .text.osc_priv_enable_rc32k
                0x00003098       0x40 src/ASF/common/services/clock/sam4l/osc.o
                0x00003098                osc_priv_enable_rc32k
 .text.osc_priv_enable_rc1m
                0x000030d8       0x40 src/ASF/common/services/clock/sam4l/osc.o
                0x000030d8                osc_priv_enable_rc1m
 .text.osc_priv_enable_rc80m
                0x00003118       0x40 src/ASF/common/services/clock/sam4l/osc.o
                0x00003118                osc_priv_enable_rc80m
 .text.osc_priv_enable_rcfast
                0x00003158       0x48 src/ASF/common/services/clock/sam4l/osc.o
                0x00003158                osc_priv_enable_rcfast
 .text.cpu_irq_save
                0x000031a0       0x38 src/ASF/common/services/clock/sam4l/sysclk.o
 .text.cpu_irq_is_enabled_flags
                0x000031d8       0x1e src/ASF/common/services/clock/sam4l/sysclk.o
 *fill*         0x000031f6        0x2 
 .text.cpu_irq_restore
                0x000031f8       0x30 src/ASF/common/services/clock/sam4l/sysclk.o
 .text.dfll_priv_get_source_hz
                0x00003228       0x80 src/ASF/common/services/clock/sam4l/sysclk.o
 .text.sysclk_get_main_hz
                0x000032a8       0x1c src/ASF/common/services/clock/sam4l/sysclk.o
 .text.sysclk_get_cpu_hz
                0x000032c4       0x14 src/ASF/common/services/clock/sam4l/sysclk.o
 .text.sysclk_get_pba_hz
                0x000032d8       0x14 src/ASF/common/services/clock/sam4l/sysclk.o
 .text.sysclk_get_pbb_hz
                0x000032ec       0x14 src/ASF/common/services/clock/sam4l/sysclk.o
 .text.sysclk_get_pbc_hz
                0x00003300       0x14 src/ASF/common/services/clock/sam4l/sysclk.o
 .text.sysclk_get_pbd_hz
                0x00003314       0x14 src/ASF/common/services/clock/sam4l/sysclk.o
 .text.sysclk_enable_hsb_module
                0x00003328       0x1c src/ASF/common/services/clock/sam4l/sysclk.o
 .text.sysclk_disable_hsb_module
                0x00003344       0x1c src/ASF/common/services/clock/sam4l/sysclk.o
 .text.sysclk_enable_pbc_module
                0x00003360       0x1c src/ASF/common/services/clock/sam4l/sysclk.o
 .text.sysclk_disable_pbc_module
                0x0000337c       0x1c src/ASF/common/services/clock/sam4l/sysclk.o
 .text.sysclk_enable_pbd_module
                0x00003398       0x1c src/ASF/common/services/clock/sam4l/sysclk.o
 .text.sysclk_disable_pbd_module
                0x000033b4       0x1c src/ASF/common/services/clock/sam4l/sysclk.o
 .text.sysclk_enable_pba_divmask
                0x000033d0       0x34 src/ASF/common/services/clock/sam4l/sysclk.o
 .text.sysclk_disable_pba_divmask
                0x00003404       0x38 src/ASF/common/services/clock/sam4l/sysclk.o
 .text.sysclk_priv_enable_module
                0x0000343c       0x68 src/ASF/common/services/clock/sam4l/sysclk.o
                0x0000343c                sysclk_priv_enable_module
 .text.sysclk_priv_disable_module
                0x000034a4       0x68 src/ASF/common/services/clock/sam4l/sysclk.o
                0x000034a4                sysclk_priv_disable_module
 .text.sysclk_enable_pba_module
                0x0000350c       0x48 src/ASF/common/services/clock/sam4l/sysclk.o
                0x0000350c                sysclk_enable_pba_module
 .text.sysclk_disable_pba_module
                0x00003554       0x48 src/ASF/common/services/clock/sam4l/sysclk.o
                0x00003554                sysclk_disable_pba_module
 .text.sysclk_enable_pbb_module
                0x0000359c       0x48 src/ASF/common/services/clock/sam4l/sysclk.o
                0x0000359c                sysclk_enable_pbb_module
 .text.sysclk_disable_pbb_module
                0x000035e4       0x48 src/ASF/common/services/clock/sam4l/sysclk.o
                0x000035e4                sysclk_disable_pbb_module
 .text.sysclk_get_peripheral_bus_hz
                0x0000362c      0x26c src/ASF/common/services/clock/sam4l/sysclk.o
                0x0000362c                sysclk_get_peripheral_bus_hz
 .text.sysclk_enable_peripheral_clock
                0x00003898      0x430 src/ASF/common/services/clock/sam4l/sysclk.o
                0x00003898                sysclk_enable_peripheral_clock
 .text.sysclk_disable_peripheral_clock
                0x00003cc8      0x41c src/ASF/common/services/clock/sam4l/sysclk.o
                0x00003cc8                sysclk_disable_peripheral_clock
 .text.sysclk_set_source
                0x000040e4       0x38 src/ASF/common/services/clock/sam4l/sysclk.o
                0x000040e4                sysclk_set_source
 .text.sysclk_init
                0x0000411c       0xcc src/ASF/common/services/clock/sam4l/sysclk.o
                0x0000411c                sysclk_init
 .text.ioport_init
                0x000041e8       0x18 src/ASF/sam/boards/sam4l8_xplained_pro/init.o
 .text.ioport_disable_pin
                0x00004200       0x48 src/ASF/sam/boards/sam4l8_xplained_pro/init.o
 .text.ioport_set_pin_mode
                0x00004248      0x102 src/ASF/sam/boards/sam4l8_xplained_pro/init.o
 .text.ioport_set_pin_dir
                0x0000434a       0xee src/ASF/sam/boards/sam4l8_xplained_pro/init.o
 .text.ioport_set_pin_level
                0x00004438       0x86 src/ASF/sam/boards/sam4l8_xplained_pro/init.o
 *fill*         0x000044be        0x2 
 .text.board_init
                0x000044c0       0xcc src/ASF/sam/boards/sam4l8_xplained_pro/init.o
                0x000044c0                board_init
 .text.cpu_irq_save
                0x0000458c       0x38 src/ASF/sam/drivers/bpm/bpm.o
 .text.cpu_irq_is_enabled_flags
                0x000045c4       0x1e src/ASF/sam/drivers/bpm/bpm.o
 *fill*         0x000045e2        0x2 
 .text.cpu_irq_restore
                0x000045e4       0x30 src/ASF/sam/drivers/bpm/bpm.o
 .text.bpm_power_scaling_cpu_failsafe
                0x00004614       0xa4 src/ASF/sam/drivers/bpm/bpm.o
                0x00004614                bpm_power_scaling_cpu_failsafe
 .text.bpm_power_scaling_cpu
                0x000046b8       0x58 src/ASF/sam/drivers/bpm/bpm.o
                0x000046b8                bpm_power_scaling_cpu
 .text.bpm_set_clk32_source
                0x00004710       0x48 src/ASF/sam/drivers/bpm/bpm.o
                0x00004710                bpm_set_clk32_source
 .text.bpm_get_status
                0x00004758       0x16 src/ASF/sam/drivers/bpm/bpm.o
                0x00004758                bpm_get_status
 *fill*         0x0000476e        0x2 
 .text.bpm_sleep
                0x00004770      0x148 src/ASF/sam/drivers/bpm/bpm.o
                0x00004770                bpm_sleep
 .text.flashcalw_set_wait_state
                0x000048b8       0x30 src/ASF/sam/drivers/flashcalw/flashcalw.o
                0x000048b8                flashcalw_set_wait_state
 .text.flashcalw_set_flash_waitstate_and_readmode
                0x000048e8       0xbc src/ASF/sam/drivers/flashcalw/flashcalw.o
                0x000048e8                flashcalw_set_flash_waitstate_and_readmode
 .text.flashcalw_is_ready
                0x000049a4       0x24 src/ASF/sam/drivers/flashcalw/flashcalw.o
                0x000049a4                flashcalw_is_ready
 .text.flashcalw_default_wait_until_ready
                0x000049c8       0x20 src/ASF/sam/drivers/flashcalw/flashcalw.o
                0x000049c8                flashcalw_default_wait_until_ready
 .text.flashcalw_get_error_status
                0x000049e8       0x18 src/ASF/sam/drivers/flashcalw/flashcalw.o
 .text.flashcalw_issue_command
                0x00004a00       0x78 src/ASF/sam/drivers/flashcalw/flashcalw.o
                0x00004a00                flashcalw_issue_command
 .text.dfll_priv_get_source_hz
                0x00004a78       0x80 src/ASF/sam/drivers/wdt/wdt_sam4l.o
 .text.sysclk_get_main_hz
                0x00004af8       0x1c src/ASF/sam/drivers/wdt/wdt_sam4l.o
 .text.sysclk_get_cpu_hz
                0x00004b14       0x14 src/ASF/sam/drivers/wdt/wdt_sam4l.o
 .text.wdt_set_ctrl
                0x00004b28       0x80 src/ASF/sam/drivers/wdt/wdt_sam4l.o
 .text.wdt_get_config_defaults
                0x00004ba8       0x42 src/ASF/sam/drivers/wdt/wdt_sam4l.o
                0x00004ba8                wdt_get_config_defaults
 *fill*         0x00004bea        0x2 
 .text.wdt_init
                0x00004bec      0x104 src/ASF/sam/drivers/wdt/wdt_sam4l.o
                0x00004bec                wdt_init
 .text.wdt_disable
                0x00004cf0       0x40 src/ASF/sam/drivers/wdt/wdt_sam4l.o
                0x00004cf0                wdt_disable
 .text.Dummy_Handler
                0x00004d30        0x6 src/ASF/sam/utils/cmsis/sam4l/source/templates/exceptions.o
                0x00004d30                DACC_Handler
                0x00004d30                DebugMon_Handler
                0x00004d30                TRNG_Handler
                0x00004d30                HardFault_Handler
                0x00004d30                SPI_Handler
                0x00004d30                USART3_Handler
                0x00004d30                AST_PER_Handler
                0x00004d30                AST_CLKREADY_Handler
                0x00004d30                AST_OVF_Handler
                0x00004d30                PendSV_Handler
                0x00004d30                SCIF_Handler
                0x00004d30                CRCCU_Handler
                0x00004d30                USART0_Handler
                0x00004d30                UsageFault_Handler
                0x00004d30                TC12_Handler
                0x00004d30                BPM_Handler
                0x00004d30                PARC_Handler
                0x00004d30                WDT_Handler
                0x00004d30                TWIS0_Handler
                0x00004d30                TWIS1_Handler
                0x00004d30                AESA_Handler
                0x00004d30                Dummy_Handler
                0x00004d30                ABDACB_Handler
                0x00004d30                CATB_Handler
                0x00004d30                USART1_Handler
                0x00004d30                AST_READY_Handler
                0x00004d30                AST_ALARM_Handler
                0x00004d30                PM_Handler
                0x00004d30                TC11_Handler
                0x00004d30                ACIFC_Handler
                0x00004d30                TC00_Handler
                0x00004d30                TC02_Handler
                0x00004d30                MemManage_Handler
                0x00004d30                SVC_Handler
                0x00004d30                ADCIFE_Handler
                0x00004d30                PEVC_TR_Handler
                0x00004d30                USART2_Handler
                0x00004d30                TC10_Handler
                0x00004d30                HFLASHC_Handler
                0x00004d30                TC01_Handler
                0x00004d30                BSCIF_Handler
                0x00004d30                USBC_Handler
                0x00004d30                IISC_Handler
                0x00004d30                BusFault_Handler
                0x00004d30                FREQM_Handler
                0x00004d30                PEVC_OV_Handler
 *fill*         0x00004d36        0x2 
 .text.Reset_Handler
                0x00004d38       0x84 src/ASF/sam/utils/cmsis/sam4l/source/templates/gcc/startup_sam4l.o
                0x00004d38                Reset_Handler
 .text._sbrk    0x00004dbc       0x58 src/ASF/sam/utils/syscalls/gcc/syscalls.o
                0x00004dbc                _sbrk
 .text._close   0x00004e14       0x16 src/ASF/sam/utils/syscalls/gcc/syscalls.o
                0x00004e14                _close
 .text._fstat   0x00004e2a       0x1e src/ASF/sam/utils/syscalls/gcc/syscalls.o
                0x00004e2a                _fstat
 .text._isatty  0x00004e48       0x14 src/ASF/sam/utils/syscalls/gcc/syscalls.o
                0x00004e48                _isatty
 .text._lseek   0x00004e5c       0x18 src/ASF/sam/utils/syscalls/gcc/syscalls.o
                0x00004e5c                _lseek
 .text.__NVIC_SetPriority
                0x00004e74       0x54 src/main.o
 .text.SysTick_Config
                0x00004ec8       0x48 src/main.o
 .text.dfll_priv_get_source_hz
                0x00004f10       0x80 src/main.o
 .text.sysclk_get_main_hz
                0x00004f90       0x1c src/main.o
 .text.sysclk_get_cpu_hz
                0x00004fac       0x14 src/main.o
 .text.ioport_set_pin_mode
                0x00004fc0      0x102 src/main.o
 .text.ioport_set_pin_dir
                0x000050c2       0xee src/main.o
 .text.ioport_set_pin_level
                0x000051b0       0x86 src/main.o
 .text.ioport_get_pin_level
                0x00005236       0x4e src/main.o
 .text.ioport_pin_to_port_id
                0x00005284       0x1c src/main.o
 .text.ioport_pin_to_mask
                0x000052a0       0x24 src/main.o
 .text.gpio_enable_pin_interrupt
                0x000052c4       0x3c src/main.o
 .text.usart_serial_init
                0x00005300      0x10c src/main.o
 .text.usart_serial_putchar
                0x0000540c       0xa4 src/main.o
 .text.usart_serial_getchar
                0x000054b0       0xbc src/main.o
 .text.stdio_serial_init
                0x0000556c       0x68 src/main.o
 .text.SysTick_Handler
                0x000055d4       0x1c src/main.o
                0x000055d4                SysTick_Handler
 .text.mdelay   0x000055f0       0x2c src/main.o
 .text.configure_console
                0x0000561c       0x30 src/main.o
 .text.configure_twim
                0x0000564c       0xd8 src/main.o
                0x0000564c                configure_twim
 .text.read_device_mode
                0x00005724       0xdc src/main.o
                0x00005724                read_device_mode
 .text.get_register_attributes
                0x00005800       0xe8 src/main.o
                0x00005800                get_register_attributes
 .text.set_output_mode
                0x000058e8       0xd8 src/main.o
                0x000058e8                set_output_mode
 .text.set_fifo
                0x000059c0       0xd8 src/main.o
                0x000059c0                set_fifo
 .text.enable_agc
                0x00005a98       0xd8 src/main.o
                0x00005a98                enable_agc
 .text.enable_hr_sensor
                0x00005b70       0xd8 src/main.o
                0x00005b70                enable_hr_sensor
 .text.enable_algo
                0x00005c48       0xd8 src/main.o
                0x00005c48                enable_algo
 .text.algo_config_read
                0x00005d20       0xd8 src/main.o
                0x00005d20                algo_config_read
 .text.read_data
                0x00005df8      0x12c src/main.o
                0x00005df8                read_data
 .text.configure_hr
                0x00005f24      0x140 src/main.o
                0x00005f24                configure_hr
 .text.configure_buttons
                0x00006064       0x84 src/main.o
                0x00006064                configure_buttons
 .text.button_1_callback
                0x000060e8       0xb8 src/main.o
                0x000060e8                button_1_callback
 .text.button_2_callback
                0x000061a0       0x54 src/main.o
                0x000061a0                button_2_callback
 .text.button_3_callback
                0x000061f4       0xa8 src/main.o
                0x000061f4                button_3_callback
 .text.configure_gps
                0x0000629c      0x110 src/main.o
                0x0000629c                configure_gps
 .text.read_gps_data
                0x000063ac      0x214 src/main.o
                0x000063ac                read_gps_data
 .text.main     0x000065c0      0x5e4 src/main.o
                0x000065c0                main
 .text.cos      0x00006ba4       0x94 c:/program files (x86)/atmel/studio/7.0/toolchain/arm/arm-gnu-toolchain/bin/../lib/gcc/arm-none-eabi/6.3.1/../../../../arm-none-eabi/lib/thumb/v7e-m\libm.a(lib_a-s_cos.o)
                0x00006ba4                cos
 .text.asin     0x00006c38       0xa8 c:/program files (x86)/atmel/studio/7.0/toolchain/arm/arm-gnu-toolchain/bin/../lib/gcc/arm-none-eabi/6.3.1/../../../../arm-none-eabi/lib/thumb/v7e-m\libm.a(lib_a-w_asin.o)
                0x00006c38                asin
 .text.sqrt     0x00006ce0       0xbc c:/program files (x86)/atmel/studio/7.0/toolchain/arm/arm-gnu-toolchain/bin/../lib/gcc/arm-none-eabi/6.3.1/../../../../arm-none-eabi/lib/thumb/v7e-m\libm.a(lib_a-w_sqrt.o)
                0x00006ce0                sqrt
 *fill*         0x00006d9c        0x4 
 .text.__ieee754_asin
                0x00006da0      0x46c c:/program files (x86)/atmel/studio/7.0/toolchain/arm/arm-gnu-toolchain/bin/../lib/gcc/arm-none-eabi/6.3.1/../../../../arm-none-eabi/lib/thumb/v7e-m\libm.a(lib_a-e_asin.o)
                0x00006da0                __ieee754_asin
 *fill*         0x0000720c        0x4 
 .text.__ieee754_rem_pio2
                0x00007210      0x444 c:/program files (x86)/atmel/studio/7.0/toolchain/arm/arm-gnu-toolchain/bin/../lib/gcc/arm-none-eabi/6.3.1/../../../../arm-none-eabi/lib/thumb/v7e-m\libm.a(lib_a-e_rem_pio2.o)
                0x00007210                __ieee754_rem_pio2
 .text.__ieee754_sqrt
                0x00007654      0x178 c:/program files (x86)/atmel/studio/7.0/toolchain/arm/arm-gnu-toolchain/bin/../lib/gcc/arm-none-eabi/6.3.1/../../../../arm-none-eabi/lib/thumb/v7e-m\libm.a(lib_a-e_sqrt.o)
                0x00007654                __ieee754_sqrt
 *fill*         0x000077cc        0x4 
 .text.__kernel_cos
                0x000077d0      0x248 c:/program files (x86)/atmel/studio/7.0/toolchain/arm/arm-gnu-toolchain/bin/../lib/gcc/arm-none-eabi/6.3.1/../../../../arm-none-eabi/lib/thumb/v7e-m\libm.a(lib_a-k_cos.o)
                0x000077d0                __kernel_cos
 .text.__kernel_rem_pio2
                0x00007a18      0x88c c:/program files (x86)/atmel/studio/7.0/toolchain/arm/arm-gnu-toolchain/bin/../lib/gcc/arm-none-eabi/6.3.1/../../../../arm-none-eabi/lib/thumb/v7e-m\libm.a(lib_a-k_rem_pio2.o)
                0x00007a18                __kernel_rem_pio2
 *fill*         0x000082a4        0x4 
 .text.__kernel_sin
                0x000082a8      0x16c c:/program files (x86)/atmel/studio/7.0/toolchain/arm/arm-gnu-toolchain/bin/../lib/gcc/arm-none-eabi/6.3.1/../../../../arm-none-eabi/lib/thumb/v7e-m\libm.a(lib_a-k_sin.o)
                0x000082a8                __kernel_sin
 .text.fabs     0x00008414        0x8 c:/program files (x86)/atmel/studio/7.0/toolchain/arm/arm-gnu-toolchain/bin/../lib/gcc/arm-none-eabi/6.3.1/../../../../arm-none-eabi/lib/thumb/v7e-m\libm.a(lib_a-s_fabs.o)
                0x00008414                fabs
 *fill*         0x0000841c        0x4 
 .text.floor    0x00008420      0x118 c:/program files (x86)/atmel/studio/7.0/toolchain/arm/arm-gnu-toolchain/bin/../lib/gcc/arm-none-eabi/6.3.1/../../../../arm-none-eabi/lib/thumb/v7e-m\libm.a(lib_a-s_floor.o)
                0x00008420                floor
 .text.matherr  0x00008538        0x4 c:/program files (x86)/atmel/studio/7.0/toolchain/arm/arm-gnu-toolchain/bin/../lib/gcc/arm-none-eabi/6.3.1/../../../../arm-none-eabi/lib/thumb/v7e-m\libm.a(lib_a-s_matherr.o)
                0x00008538                matherr
 .text.nan      0x0000853c        0xc c:/program files (x86)/atmel/studio/7.0/toolchain/arm/arm-gnu-toolchain/bin/../lib/gcc/arm-none-eabi/6.3.1/../../../../arm-none-eabi/lib/thumb/v7e-m\libm.a(lib_a-s_nan.o)
                0x0000853c                nan
 .text.scalbn   0x00008548       0xfc c:/program files (x86)/atmel/studio/7.0/toolchain/arm/arm-gnu-toolchain/bin/../lib/gcc/arm-none-eabi/6.3.1/../../../../arm-none-eabi/lib/thumb/v7e-m\libm.a(lib_a-s_scalbn.o)
                0x00008548                scalbn
 .text.copysign
                0x00008644       0x10 c:/program files (x86)/atmel/studio/7.0/toolchain/arm/arm-gnu-toolchain/bin/../lib/gcc/arm-none-eabi/6.3.1/../../../../arm-none-eabi/lib/thumb/v7e-m\libm.a(lib_a-s_copysign.o)
                0x00008644                copysign
 .text.__errno  0x00008654        0xc c:/program files (x86)/atmel/studio/7.0/toolchain/arm/arm-gnu-toolchain/bin/../lib/gcc/arm-none-eabi/6.3.1/../../../../arm-none-eabi/lib/thumb/v7e-m\libc_nano.a(lib_a-errno.o)
                0x00008654                __errno
 .text.__libc_init_array
                0x00008660       0x48 c:/program files (x86)/atmel/studio/7.0/toolchain/arm/arm-gnu-toolchain/bin/../lib/gcc/arm-none-eabi/6.3.1/../../../../arm-none-eabi/lib/thumb/v7e-m\libc_nano.a(lib_a-init.o)
                0x00008660                __libc_init_array
 .text.memset   0x000086a8       0x10 c:/program files (x86)/atmel/studio/7.0/toolchain/arm/arm-gnu-toolchain/bin/../lib/gcc/arm-none-eabi/6.3.1/../../../../arm-none-eabi/lib/thumb/v7e-m\libc_nano.a(lib_a-memset.o)
                0x000086a8                memset
 .text.__cvt    0x000086b8       0xb8 c:/program files (x86)/atmel/studio/7.0/toolchain/arm/arm-gnu-toolchain/bin/../lib/gcc/arm-none-eabi/6.3.1/../../../../arm-none-eabi/lib/thumb/v7e-m\libc_nano.a(lib_a-nano-vfprintf_float.o)
                0x000086b8                __cvt
 .text.__exponent
                0x00008770       0x6a c:/program files (x86)/atmel/studio/7.0/toolchain/arm/arm-gnu-toolchain/bin/../lib/gcc/arm-none-eabi/6.3.1/../../../../arm-none-eabi/lib/thumb/v7e-m\libc_nano.a(lib_a-nano-vfprintf_float.o)
                0x00008770                __exponent
 *fill*         0x000087da        0x2 
 .text._printf_float
                0x000087dc      0x470 c:/program files (x86)/atmel/studio/7.0/toolchain/arm/arm-gnu-toolchain/bin/../lib/gcc/arm-none-eabi/6.3.1/../../../../arm-none-eabi/lib/thumb/v7e-m\libc_nano.a(lib_a-nano-vfprintf_float.o)
                0x000087dc                _printf_float
 .text._printf_common
                0x00008c4c       0xec c:/program files (x86)/atmel/studio/7.0/toolchain/arm/arm-gnu-toolchain/bin/../lib/gcc/arm-none-eabi/6.3.1/../../../../arm-none-eabi/lib/thumb/v7e-m\libc_nano.a(lib_a-nano-vfprintf_i.o)
                0x00008c4c                _printf_common
 .text._printf_i
                0x00008d38      0x240 c:/program files (x86)/atmel/studio/7.0/toolchain/arm/arm-gnu-toolchain/bin/../lib/gcc/arm-none-eabi/6.3.1/../../../../arm-none-eabi/lib/thumb/v7e-m\libc_nano.a(lib_a-nano-vfprintf_i.o)
                0x00008d38                _printf_i
 .text.printf   0x00008f78       0x30 c:/program files (x86)/atmel/studio/7.0/toolchain/arm/arm-gnu-toolchain/bin/../lib/gcc/arm-none-eabi/6.3.1/../../../../arm-none-eabi/lib/thumb/v7e-m\libc_nano.a(lib_a-printf.o)
                0x00008f78                iprintf
                0x00008f78                printf
 .text.setbuf   0x00008fa8       0x10 c:/program files (x86)/atmel/studio/7.0/toolchain/arm/arm-gnu-toolchain/bin/../lib/gcc/arm-none-eabi/6.3.1/../../../../arm-none-eabi/lib/thumb/v7e-m\libc_nano.a(lib_a-setbuf.o)
                0x00008fa8                setbuf
 .text.setvbuf  0x00008fb8      0x15c c:/program files (x86)/atmel/studio/7.0/toolchain/arm/arm-gnu-toolchain/bin/../lib/gcc/arm-none-eabi/6.3.1/../../../../arm-none-eabi/lib/thumb/v7e-m\libc_nano.a(lib_a-setvbuf.o)
                0x00008fb8                setvbuf
 .text.sprintf  0x00009114       0x48 c:/program files (x86)/atmel/studio/7.0/toolchain/arm/arm-gnu-toolchain/bin/../lib/gcc/arm-none-eabi/6.3.1/../../../../arm-none-eabi/lib/thumb/v7e-m\libc_nano.a(lib_a-sprintf.o)
                0x00009114                siprintf
                0x00009114                sprintf
 .text          0x0000915c       0x10 c:/program files (x86)/atmel/studio/7.0/toolchain/arm/arm-gnu-toolchain/bin/../lib/gcc/arm-none-eabi/6.3.1/../../../../arm-none-eabi/lib/thumb/v7e-m\libc_nano.a(lib_a-strlen.o)
                0x0000915c                strlen
 .text.quorem   0x0000916c      0x118 c:/program files (x86)/atmel/studio/7.0/toolchain/arm/arm-gnu-toolchain/bin/../lib/gcc/arm-none-eabi/6.3.1/../../../../arm-none-eabi/lib/thumb/v7e-m\libc_nano.a(lib_a-dtoa.o)
 *fill*         0x00009284        0x4 
 .text._dtoa_r  0x00009288      0xba4 c:/program files (x86)/atmel/studio/7.0/toolchain/arm/arm-gnu-toolchain/bin/../lib/gcc/arm-none-eabi/6.3.1/../../../../arm-none-eabi/lib/thumb/v7e-m\libc_nano.a(lib_a-dtoa.o)
                0x00009288                _dtoa_r
 .text.__sflush_r
                0x00009e2c      0x110 c:/program files (x86)/atmel/studio/7.0/toolchain/arm/arm-gnu-toolchain/bin/../lib/gcc/arm-none-eabi/6.3.1/../../../../arm-none-eabi/lib/thumb/v7e-m\libc_nano.a(lib_a-fflush.o)
                0x00009e2c                __sflush_r
 .text._fflush_r
                0x00009f3c       0x54 c:/program files (x86)/atmel/studio/7.0/toolchain/arm/arm-gnu-toolchain/bin/../lib/gcc/arm-none-eabi/6.3.1/../../../../arm-none-eabi/lib/thumb/v7e-m\libc_nano.a(lib_a-fflush.o)
                0x00009f3c                _fflush_r
 .text._cleanup_r
                0x00009f90        0xc c:/program files (x86)/atmel/studio/7.0/toolchain/arm/arm-gnu-toolchain/bin/../lib/gcc/arm-none-eabi/6.3.1/../../../../arm-none-eabi/lib/thumb/v7e-m\libc_nano.a(lib_a-findfp.o)
                0x00009f90                _cleanup_r
 .text.std.isra.0
                0x00009f9c       0x48 c:/program files (x86)/atmel/studio/7.0/toolchain/arm/arm-gnu-toolchain/bin/../lib/gcc/arm-none-eabi/6.3.1/../../../../arm-none-eabi/lib/thumb/v7e-m\libc_nano.a(lib_a-findfp.o)
 .text.__sfmoreglue
                0x00009fe4       0x2c c:/program files (x86)/atmel/studio/7.0/toolchain/arm/arm-gnu-toolchain/bin/../lib/gcc/arm-none-eabi/6.3.1/../../../../arm-none-eabi/lib/thumb/v7e-m\libc_nano.a(lib_a-findfp.o)
                0x00009fe4                __sfmoreglue
 .text.__sinit  0x0000a010       0x60 c:/program files (x86)/atmel/studio/7.0/toolchain/arm/arm-gnu-toolchain/bin/../lib/gcc/arm-none-eabi/6.3.1/../../../../arm-none-eabi/lib/thumb/v7e-m\libc_nano.a(lib_a-findfp.o)
                0x0000a010                __sinit
 .text.__sfp    0x0000a070       0x78 c:/program files (x86)/atmel/studio/7.0/toolchain/arm/arm-gnu-toolchain/bin/../lib/gcc/arm-none-eabi/6.3.1/../../../../arm-none-eabi/lib/thumb/v7e-m\libc_nano.a(lib_a-findfp.o)
                0x0000a070                __sfp
 .text._fwalk_reent
                0x0000a0e8       0x3c c:/program files (x86)/atmel/studio/7.0/toolchain/arm/arm-gnu-toolchain/bin/../lib/gcc/arm-none-eabi/6.3.1/../../../../arm-none-eabi/lib/thumb/v7e-m\libc_nano.a(lib_a-fwalk.o)
                0x0000a0e8                _fwalk_reent
 .text._localeconv_r
                0x0000a124       0x1c c:/program files (x86)/atmel/studio/7.0/toolchain/arm/arm-gnu-toolchain/bin/../lib/gcc/arm-none-eabi/6.3.1/../../../../arm-none-eabi/lib/thumb/v7e-m\libc_nano.a(lib_a-localeconv.o)
                0x0000a124                _localeconv_r
 .text.__swhatbuf_r
                0x0000a140       0x48 c:/program files (x86)/atmel/studio/7.0/toolchain/arm/arm-gnu-toolchain/bin/../lib/gcc/arm-none-eabi/6.3.1/../../../../arm-none-eabi/lib/thumb/v7e-m\libc_nano.a(lib_a-makebuf.o)
                0x0000a140                __swhatbuf_r
 .text.__smakebuf_r
                0x0000a188       0x80 c:/program files (x86)/atmel/studio/7.0/toolchain/arm/arm-gnu-toolchain/bin/../lib/gcc/arm-none-eabi/6.3.1/../../../../arm-none-eabi/lib/thumb/v7e-m\libc_nano.a(lib_a-makebuf.o)
                0x0000a188                __smakebuf_r
 .text.malloc   0x0000a208       0x10 c:/program files (x86)/atmel/studio/7.0/toolchain/arm/arm-gnu-toolchain/bin/../lib/gcc/arm-none-eabi/6.3.1/../../../../arm-none-eabi/lib/thumb/v7e-m\libc_nano.a(lib_a-malloc.o)
                0x0000a208                malloc
 *fill*         0x0000a218        0x8 
 .text          0x0000a220       0xa0 c:/program files (x86)/atmel/studio/7.0/toolchain/arm/arm-gnu-toolchain/bin/../lib/gcc/arm-none-eabi/6.3.1/../../../../arm-none-eabi/lib/thumb/v7e-m\libc_nano.a(lib_a-memchr.o)
                0x0000a220                memchr
 .text.memcpy   0x0000a2c0       0x16 c:/program files (x86)/atmel/studio/7.0/toolchain/arm/arm-gnu-toolchain/bin/../lib/gcc/arm-none-eabi/6.3.1/../../../../arm-none-eabi/lib/thumb/v7e-m\libc_nano.a(lib_a-memcpy-stub.o)
                0x0000a2c0                memcpy
 .text._Balloc  0x0000a2d6       0x68 c:/program files (x86)/atmel/studio/7.0/toolchain/arm/arm-gnu-toolchain/bin/../lib/gcc/arm-none-eabi/6.3.1/../../../../arm-none-eabi/lib/thumb/v7e-m\libc_nano.a(lib_a-mprec.o)
                0x0000a2d6                _Balloc
 .text._Bfree   0x0000a33e       0x2e c:/program files (x86)/atmel/studio/7.0/toolchain/arm/arm-gnu-toolchain/bin/../lib/gcc/arm-none-eabi/6.3.1/../../../../arm-none-eabi/lib/thumb/v7e-m\libc_nano.a(lib_a-mprec.o)
                0x0000a33e                _Bfree
 .text.__multadd
                0x0000a36c       0x76 c:/program files (x86)/atmel/studio/7.0/toolchain/arm/arm-gnu-toolchain/bin/../lib/gcc/arm-none-eabi/6.3.1/../../../../arm-none-eabi/lib/thumb/v7e-m\libc_nano.a(lib_a-mprec.o)
                0x0000a36c                __multadd
 .text.__hi0bits
                0x0000a3e2       0x3e c:/program files (x86)/atmel/studio/7.0/toolchain/arm/arm-gnu-toolchain/bin/../lib/gcc/arm-none-eabi/6.3.1/../../../../arm-none-eabi/lib/thumb/v7e-m\libc_nano.a(lib_a-mprec.o)
                0x0000a3e2                __hi0bits
 .text.__lo0bits
                0x0000a420       0x5e c:/program files (x86)/atmel/studio/7.0/toolchain/arm/arm-gnu-toolchain/bin/../lib/gcc/arm-none-eabi/6.3.1/../../../../arm-none-eabi/lib/thumb/v7e-m\libc_nano.a(lib_a-mprec.o)
                0x0000a420                __lo0bits
 .text.__i2b    0x0000a47e       0x12 c:/program files (x86)/atmel/studio/7.0/toolchain/arm/arm-gnu-toolchain/bin/../lib/gcc/arm-none-eabi/6.3.1/../../../../arm-none-eabi/lib/thumb/v7e-m\libc_nano.a(lib_a-mprec.o)
                0x0000a47e                __i2b
 .text.__multiply
                0x0000a490      0x11a c:/program files (x86)/atmel/studio/7.0/toolchain/arm/arm-gnu-toolchain/bin/../lib/gcc/arm-none-eabi/6.3.1/../../../../arm-none-eabi/lib/thumb/v7e-m\libc_nano.a(lib_a-mprec.o)
                0x0000a490                __multiply
 *fill*         0x0000a5aa        0x2 
 .text.__pow5mult
                0x0000a5ac       0x9c c:/program files (x86)/atmel/studio/7.0/toolchain/arm/arm-gnu-toolchain/bin/../lib/gcc/arm-none-eabi/6.3.1/../../../../arm-none-eabi/lib/thumb/v7e-m\libc_nano.a(lib_a-mprec.o)
                0x0000a5ac                __pow5mult
 .text.__lshift
                0x0000a648       0xa2 c:/program files (x86)/atmel/studio/7.0/toolchain/arm/arm-gnu-toolchain/bin/../lib/gcc/arm-none-eabi/6.3.1/../../../../arm-none-eabi/lib/thumb/v7e-m\libc_nano.a(lib_a-mprec.o)
                0x0000a648                __lshift
 .text.__mcmp   0x0000a6ea       0x34 c:/program files (x86)/atmel/studio/7.0/toolchain/arm/arm-gnu-toolchain/bin/../lib/gcc/arm-none-eabi/6.3.1/../../../../arm-none-eabi/lib/thumb/v7e-m\libc_nano.a(lib_a-mprec.o)
                0x0000a6ea                __mcmp
 .text.__mdiff  0x0000a71e       0xbc c:/program files (x86)/atmel/studio/7.0/toolchain/arm/arm-gnu-toolchain/bin/../lib/gcc/arm-none-eabi/6.3.1/../../../../arm-none-eabi/lib/thumb/v7e-m\libc_nano.a(lib_a-mprec.o)
                0x0000a71e                __mdiff
 .text.__d2b    0x0000a7da       0x9e c:/program files (x86)/atmel/studio/7.0/toolchain/arm/arm-gnu-toolchain/bin/../lib/gcc/arm-none-eabi/6.3.1/../../../../arm-none-eabi/lib/thumb/v7e-m\libc_nano.a(lib_a-mprec.o)
                0x0000a7da                __d2b
 .text._calloc_r
                0x0000a878       0x1c c:/program files (x86)/atmel/studio/7.0/toolchain/arm/arm-gnu-toolchain/bin/../lib/gcc/arm-none-eabi/6.3.1/../../../../arm-none-eabi/lib/thumb/v7e-m\libc_nano.a(lib_a-nano-callocr.o)
                0x0000a878                _calloc_r
 .text._free_r  0x0000a894       0x9c c:/program files (x86)/atmel/studio/7.0/toolchain/arm/arm-gnu-toolchain/bin/../lib/gcc/arm-none-eabi/6.3.1/../../../../arm-none-eabi/lib/thumb/v7e-m\libc_nano.a(lib_a-nano-freer.o)
                0x0000a894                _free_r
 .text._malloc_r
                0x0000a930       0xbc c:/program files (x86)/atmel/studio/7.0/toolchain/arm/arm-gnu-toolchain/bin/../lib/gcc/arm-none-eabi/6.3.1/../../../../arm-none-eabi/lib/thumb/v7e-m\libc_nano.a(lib_a-nano-mallocr.o)
                0x0000a930                _malloc_r
 .text.__ssputs_r
                0x0000a9ec       0xb6 c:/program files (x86)/atmel/studio/7.0/toolchain/arm/arm-gnu-toolchain/bin/../lib/gcc/arm-none-eabi/6.3.1/../../../../arm-none-eabi/lib/thumb/v7e-m\libc_nano.a(lib_a-nano-svfprintf.o)
                0x0000a9ec                __ssputs_r
 *fill*         0x0000aaa2        0x2 
 .text._svfprintf_r
                0x0000aaa4      0x1e8 c:/program files (x86)/atmel/studio/7.0/toolchain/arm/arm-gnu-toolchain/bin/../lib/gcc/arm-none-eabi/6.3.1/../../../../arm-none-eabi/lib/thumb/v7e-m\libc_nano.a(lib_a-nano-svfprintf.o)
                0x0000aaa4                _svfiprintf_r
                0x0000aaa4                _svfprintf_r
 .text.__sfputc_r
                0x0000ac8c       0x2c c:/program files (x86)/atmel/studio/7.0/toolchain/arm/arm-gnu-toolchain/bin/../lib/gcc/arm-none-eabi/6.3.1/../../../../arm-none-eabi/lib/thumb/v7e-m\libc_nano.a(lib_a-nano-vfprintf.o)
 .text.__sfputs_r
                0x0000acb8       0x24 c:/program files (x86)/atmel/studio/7.0/toolchain/arm/arm-gnu-toolchain/bin/../lib/gcc/arm-none-eabi/6.3.1/../../../../arm-none-eabi/lib/thumb/v7e-m\libc_nano.a(lib_a-nano-vfprintf.o)
                0x0000acb8                __sfputs_r
 .text._vfprintf_r
                0x0000acdc      0x22c c:/program files (x86)/atmel/studio/7.0/toolchain/arm/arm-gnu-toolchain/bin/../lib/gcc/arm-none-eabi/6.3.1/../../../../arm-none-eabi/lib/thumb/v7e-m\libc_nano.a(lib_a-nano-vfprintf.o)
                0x0000acdc                _vfprintf_r
                0x0000acdc                _vfiprintf_r
 .text._sbrk_r  0x0000af08       0x20 c:/program files (x86)/atmel/studio/7.0/toolchain/arm/arm-gnu-toolchain/bin/../lib/gcc/arm-none-eabi/6.3.1/../../../../arm-none-eabi/lib/thumb/v7e-m\libc_nano.a(lib_a-sbrkr.o)
                0x0000af08                _sbrk_r
 .text.__sread  0x0000af28       0x22 c:/program files (x86)/atmel/studio/7.0/toolchain/arm/arm-gnu-toolchain/bin/../lib/gcc/arm-none-eabi/6.3.1/../../../../arm-none-eabi/lib/thumb/v7e-m\libc_nano.a(lib_a-stdio.o)
                0x0000af28                __sread
 .text.__swrite
                0x0000af4a       0x38 c:/program files (x86)/atmel/studio/7.0/toolchain/arm/arm-gnu-toolchain/bin/../lib/gcc/arm-none-eabi/6.3.1/../../../../arm-none-eabi/lib/thumb/v7e-m\libc_nano.a(lib_a-stdio.o)
                0x0000af4a                __swrite
 .text.__sseek  0x0000af82       0x24 c:/program files (x86)/atmel/studio/7.0/toolchain/arm/arm-gnu-toolchain/bin/../lib/gcc/arm-none-eabi/6.3.1/../../../../arm-none-eabi/lib/thumb/v7e-m\libc_nano.a(lib_a-stdio.o)
                0x0000af82                __sseek
 .text.__sclose
                0x0000afa6        0x8 c:/program files (x86)/atmel/studio/7.0/toolchain/arm/arm-gnu-toolchain/bin/../lib/gcc/arm-none-eabi/6.3.1/../../../../arm-none-eabi/lib/thumb/v7e-m\libc_nano.a(lib_a-stdio.o)
                0x0000afa6                __sclose
 *fill*         0x0000afae        0x2 
 .text.__swbuf_r
                0x0000afb0       0xa4 c:/program files (x86)/atmel/studio/7.0/toolchain/arm/arm-gnu-toolchain/bin/../lib/gcc/arm-none-eabi/6.3.1/../../../../arm-none-eabi/lib/thumb/v7e-m\libc_nano.a(lib_a-wbuf.o)
                0x0000afb0                __swbuf_r
 .text._write_r
                0x0000b054       0x24 c:/program files (x86)/atmel/studio/7.0/toolchain/arm/arm-gnu-toolchain/bin/../lib/gcc/arm-none-eabi/6.3.1/../../../../arm-none-eabi/lib/thumb/v7e-m\libc_nano.a(lib_a-writer.o)
                0x0000b054                _write_r
 .text.__swsetup_r
                0x0000b078       0xdc c:/program files (x86)/atmel/studio/7.0/toolchain/arm/arm-gnu-toolchain/bin/../lib/gcc/arm-none-eabi/6.3.1/../../../../arm-none-eabi/lib/thumb/v7e-m\libc_nano.a(lib_a-wsetup.o)
                0x0000b078                __swsetup_r
 .text._close_r
                0x0000b154       0x20 c:/program files (x86)/atmel/studio/7.0/toolchain/arm/arm-gnu-toolchain/bin/../lib/gcc/arm-none-eabi/6.3.1/../../../../arm-none-eabi/lib/thumb/v7e-m\libc_nano.a(lib_a-closer.o)
                0x0000b154                _close_r
 .text._fstat_r
                0x0000b174       0x24 c:/program files (x86)/atmel/studio/7.0/toolchain/arm/arm-gnu-toolchain/bin/../lib/gcc/arm-none-eabi/6.3.1/../../../../arm-none-eabi/lib/thumb/v7e-m\libc_nano.a(lib_a-fstatr.o)
                0x0000b174                _fstat_r
 .text._isatty_r
                0x0000b198       0x20 c:/program files (x86)/atmel/studio/7.0/toolchain/arm/arm-gnu-toolchain/bin/../lib/gcc/arm-none-eabi/6.3.1/../../../../arm-none-eabi/lib/thumb/v7e-m\libc_nano.a(lib_a-isattyr.o)
                0x0000b198                _isatty_r
 .text._lseek_r
                0x0000b1b8       0x24 c:/program files (x86)/atmel/studio/7.0/toolchain/arm/arm-gnu-toolchain/bin/../lib/gcc/arm-none-eabi/6.3.1/../../../../arm-none-eabi/lib/thumb/v7e-m\libc_nano.a(lib_a-lseekr.o)
                0x0000b1b8                _lseek_r
 .text.__ascii_mbtowc
                0x0000b1dc       0x24 c:/program files (x86)/atmel/studio/7.0/toolchain/arm/arm-gnu-toolchain/bin/../lib/gcc/arm-none-eabi/6.3.1/../../../../arm-none-eabi/lib/thumb/v7e-m\libc_nano.a(lib_a-mbtowc_r.o)
                0x0000b1dc                __ascii_mbtowc
 .text.memmove  0x0000b200       0x34 c:/program files (x86)/atmel/studio/7.0/toolchain/arm/arm-gnu-toolchain/bin/../lib/gcc/arm-none-eabi/6.3.1/../../../../arm-none-eabi/lib/thumb/v7e-m\libc_nano.a(lib_a-memmove.o)
                0x0000b200                memmove
 .text.__malloc_lock
                0x0000b234        0x2 c:/program files (x86)/atmel/studio/7.0/toolchain/arm/arm-gnu-toolchain/bin/../lib/gcc/arm-none-eabi/6.3.1/../../../../arm-none-eabi/lib/thumb/v7e-m\libc_nano.a(lib_a-mlock.o)
                0x0000b234                __malloc_lock
 .text.__malloc_unlock
                0x0000b236        0x2 c:/program files (x86)/atmel/studio/7.0/toolchain/arm/arm-gnu-toolchain/bin/../lib/gcc/arm-none-eabi/6.3.1/../../../../arm-none-eabi/lib/thumb/v7e-m\libc_nano.a(lib_a-mlock.o)
                0x0000b236                __malloc_unlock
 .text._realloc_r
                0x0000b238       0x4c c:/program files (x86)/atmel/studio/7.0/toolchain/arm/arm-gnu-toolchain/bin/../lib/gcc/arm-none-eabi/6.3.1/../../../../arm-none-eabi/lib/thumb/v7e-m\libc_nano.a(lib_a-nano-reallocr.o)
                0x0000b238                _realloc_r
 .text._read_r  0x0000b284       0x24 c:/program files (x86)/atmel/studio/7.0/toolchain/arm/arm-gnu-toolchain/bin/../lib/gcc/arm-none-eabi/6.3.1/../../../../arm-none-eabi/lib/thumb/v7e-m\libc_nano.a(lib_a-readr.o)
                0x0000b284                _read_r
 .text.__ascii_wctomb
                0x0000b2a8       0x1a c:/program files (x86)/atmel/studio/7.0/toolchain/arm/arm-gnu-toolchain/bin/../lib/gcc/arm-none-eabi/6.3.1/../../../../arm-none-eabi/lib/thumb/v7e-m\libc_nano.a(lib_a-wctomb_r.o)
                0x0000b2a8                __ascii_wctomb
 .text._malloc_usable_size_r
                0x0000b2c2       0x12 c:/program files (x86)/atmel/studio/7.0/toolchain/arm/arm-gnu-toolchain/bin/../lib/gcc/arm-none-eabi/6.3.1/../../../../arm-none-eabi/lib/thumb/v7e-m\libc_nano.a(lib_a-nano-msizer.o)
                0x0000b2c2                _malloc_usable_size_r
 .text          0x0000b2d4      0x370 c:/program files (x86)/atmel/studio/7.0/toolchain/arm/arm-gnu-toolchain/bin/../lib/gcc/arm-none-eabi/6.3.1/thumb/v7e-m\libgcc.a(_arm_addsubdf3.o)
                0x0000b2d4                __aeabi_drsub
                0x0000b2dc                __aeabi_dsub
                0x0000b2dc                __subdf3
                0x0000b2e0                __aeabi_dadd
                0x0000b2e0                __adddf3
                0x0000b558                __floatunsidf
                0x0000b558                __aeabi_ui2d
                0x0000b578                __floatsidf
                0x0000b578                __aeabi_i2d
                0x0000b59c                __aeabi_f2d
                0x0000b59c                __extendsfdf2
                0x0000b5d8                __floatundidf
                0x0000b5d8                __aeabi_ul2d
                0x0000b5e8                __floatdidf
                0x0000b5e8                __aeabi_l2d
 .text          0x0000b644      0x424 c:/program files (x86)/atmel/studio/7.0/toolchain/arm/arm-gnu-toolchain/bin/../lib/gcc/arm-none-eabi/6.3.1/thumb/v7e-m\libgcc.a(_arm_muldivdf3.o)
                0x0000b644                __aeabi_dmul
                0x0000b644                __muldf3
                0x0000b898                __divdf3
                0x0000b898                __aeabi_ddiv
 .text          0x0000ba68      0x110 c:/program files (x86)/atmel/studio/7.0/toolchain/arm/arm-gnu-toolchain/bin/../lib/gcc/arm-none-eabi/6.3.1/thumb/v7e-m\libgcc.a(_arm_cmpdf2.o)
                0x0000ba68                __gtdf2
                0x0000ba68                __gedf2
                0x0000ba70                __ltdf2
                0x0000ba70                __ledf2
                0x0000ba78                __nedf2
                0x0000ba78                __eqdf2
                0x0000ba78                __cmpdf2
                0x0000baf4                __aeabi_cdrcmple
                0x0000bb04                __aeabi_cdcmpeq
                0x0000bb04                __aeabi_cdcmple
                0x0000bb14                __aeabi_dcmpeq
                0x0000bb28                __aeabi_dcmplt
                0x0000bb3c                __aeabi_dcmple
                0x0000bb50                __aeabi_dcmpge
                0x0000bb64                __aeabi_dcmpgt
 .text          0x0000bb78       0x2c c:/program files (x86)/atmel/studio/7.0/toolchain/arm/arm-gnu-toolchain/bin/../lib/gcc/arm-none-eabi/6.3.1/thumb/v7e-m\libgcc.a(_arm_unorddf2.o)
                0x0000bb78                __unorddf2
                0x0000bb78                __aeabi_dcmpun
 .text          0x0000bba4       0x50 c:/program files (x86)/atmel/studio/7.0/toolchain/arm/arm-gnu-toolchain/bin/../lib/gcc/arm-none-eabi/6.3.1/thumb/v7e-m\libgcc.a(_arm_fixdfsi.o)
                0x0000bba4                __aeabi_d2iz
                0x0000bba4                __fixdfsi
 .text          0x0000bbf4       0x40 c:/program files (x86)/atmel/studio/7.0/toolchain/arm/arm-gnu-toolchain/bin/../lib/gcc/arm-none-eabi/6.3.1/thumb/v7e-m\libgcc.a(_arm_fixunsdfsi.o)
                0x0000bbf4                __aeabi_d2uiz
                0x0000bbf4                __fixunsdfsi
 *(.glue_7t)
 .glue_7t       0x0000bc34        0x0 linker stubs
 *(.glue_7)
 .glue_7        0x0000bc34        0x0 linker stubs
 *(.rodata .rodata* .gnu.linkonce.r.*)
 .rodata        0x0000bc34        0xc src/ASF/sam/components/display/c42412a/c42412a_lcdca.o
 .rodata        0x0000bc40      0x611 src/main.o
 *fill*         0x0000c251        0x3 
 .rodata.asin.str1.4
                0x0000c254        0x5 c:/program files (x86)/atmel/studio/7.0/toolchain/arm/arm-gnu-toolchain/bin/../lib/gcc/arm-none-eabi/6.3.1/../../../../arm-none-eabi/lib/thumb/v7e-m\libm.a(lib_a-w_asin.o)
                                  0x9 (size before relaxing)
 *fill*         0x0000c259        0x3 
 .rodata.sqrt.str1.4
                0x0000c25c        0x8 c:/program files (x86)/atmel/studio/7.0/toolchain/arm/arm-gnu-toolchain/bin/../lib/gcc/arm-none-eabi/6.3.1/../../../../arm-none-eabi/lib/thumb/v7e-m\libm.a(lib_a-w_sqrt.o)
                                  0x5 (size before relaxing)
 .rodata.npio2_hw
                0x0000c264       0x80 c:/program files (x86)/atmel/studio/7.0/toolchain/arm/arm-gnu-toolchain/bin/../lib/gcc/arm-none-eabi/6.3.1/../../../../arm-none-eabi/lib/thumb/v7e-m\libm.a(lib_a-e_rem_pio2.o)
 .rodata.two_over_pi
                0x0000c2e4      0x108 c:/program files (x86)/atmel/studio/7.0/toolchain/arm/arm-gnu-toolchain/bin/../lib/gcc/arm-none-eabi/6.3.1/../../../../arm-none-eabi/lib/thumb/v7e-m\libm.a(lib_a-e_rem_pio2.o)
 *fill*         0x0000c3ec        0x4 
 .rodata.PIo2   0x0000c3f0       0x40 c:/program files (x86)/atmel/studio/7.0/toolchain/arm/arm-gnu-toolchain/bin/../lib/gcc/arm-none-eabi/6.3.1/../../../../arm-none-eabi/lib/thumb/v7e-m\libm.a(lib_a-k_rem_pio2.o)
 .rodata.init_jk
                0x0000c430       0x10 c:/program files (x86)/atmel/studio/7.0/toolchain/arm/arm-gnu-toolchain/bin/../lib/gcc/arm-none-eabi/6.3.1/../../../../arm-none-eabi/lib/thumb/v7e-m\libm.a(lib_a-k_rem_pio2.o)
 .rodata._global_impure_ptr
                0x0000c440        0x4 c:/program files (x86)/atmel/studio/7.0/toolchain/arm/arm-gnu-toolchain/bin/../lib/gcc/arm-none-eabi/6.3.1/../../../../arm-none-eabi/lib/thumb/v7e-m\libc_nano.a(lib_a-impure.o)
                0x0000c440                _global_impure_ptr
 .rodata._printf_float.str1.1
                0x0000c444       0x12 c:/program files (x86)/atmel/studio/7.0/toolchain/arm/arm-gnu-toolchain/bin/../lib/gcc/arm-none-eabi/6.3.1/../../../../arm-none-eabi/lib/thumb/v7e-m\libc_nano.a(lib_a-nano-vfprintf_float.o)
 .rodata._printf_i.str1.1
                0x0000c456       0x22 c:/program files (x86)/atmel/studio/7.0/toolchain/arm/arm-gnu-toolchain/bin/../lib/gcc/arm-none-eabi/6.3.1/../../../../arm-none-eabi/lib/thumb/v7e-m\libc_nano.a(lib_a-nano-vfprintf_i.o)
 .rodata._dtoa_r.str1.1
                0x0000c478        0xd c:/program files (x86)/atmel/studio/7.0/toolchain/arm/arm-gnu-toolchain/bin/../lib/gcc/arm-none-eabi/6.3.1/../../../../arm-none-eabi/lib/thumb/v7e-m\libc_nano.a(lib_a-dtoa.o)
                                  0xf (size before relaxing)
 *fill*         0x0000c485        0x3 
 .rodata.__sf_fake_stderr
                0x0000c488       0x20 c:/program files (x86)/atmel/studio/7.0/toolchain/arm/arm-gnu-toolchain/bin/../lib/gcc/arm-none-eabi/6.3.1/../../../../arm-none-eabi/lib/thumb/v7e-m\libc_nano.a(lib_a-findfp.o)
                0x0000c488                __sf_fake_stderr
 .rodata.__sf_fake_stdin
                0x0000c4a8       0x20 c:/program files (x86)/atmel/studio/7.0/toolchain/arm/arm-gnu-toolchain/bin/../lib/gcc/arm-none-eabi/6.3.1/../../../../arm-none-eabi/lib/thumb/v7e-m\libc_nano.a(lib_a-findfp.o)
                0x0000c4a8                __sf_fake_stdin
 .rodata.__sf_fake_stdout
                0x0000c4c8       0x20 c:/program files (x86)/atmel/studio/7.0/toolchain/arm/arm-gnu-toolchain/bin/../lib/gcc/arm-none-eabi/6.3.1/../../../../arm-none-eabi/lib/thumb/v7e-m\libc_nano.a(lib_a-findfp.o)
                0x0000c4c8                __sf_fake_stdout
 .rodata.__mprec_bigtens
                0x0000c4e8       0x28 c:/program files (x86)/atmel/studio/7.0/toolchain/arm/arm-gnu-toolchain/bin/../lib/gcc/arm-none-eabi/6.3.1/../../../../arm-none-eabi/lib/thumb/v7e-m\libc_nano.a(lib_a-mprec.o)
                0x0000c4e8                __mprec_bigtens
 .rodata.__mprec_tens
                0x0000c510       0xc8 c:/program files (x86)/atmel/studio/7.0/toolchain/arm/arm-gnu-toolchain/bin/../lib/gcc/arm-none-eabi/6.3.1/../../../../arm-none-eabi/lib/thumb/v7e-m\libc_nano.a(lib_a-mprec.o)
                0x0000c510                __mprec_tens
 .rodata.p05.6047
                0x0000c5d8        0xc c:/program files (x86)/atmel/studio/7.0/toolchain/arm/arm-gnu-toolchain/bin/../lib/gcc/arm-none-eabi/6.3.1/../../../../arm-none-eabi/lib/thumb/v7e-m\libc_nano.a(lib_a-mprec.o)
 .rodata._svfprintf_r.str1.1
                0x0000c5e4       0x11 c:/program files (x86)/atmel/studio/7.0/toolchain/arm/arm-gnu-toolchain/bin/../lib/gcc/arm-none-eabi/6.3.1/../../../../arm-none-eabi/lib/thumb/v7e-m\libc_nano.a(lib_a-nano-svfprintf.o)
 .rodata._vfprintf_r.str1.1
                0x0000c5f5       0x11 c:/program files (x86)/atmel/studio/7.0/toolchain/arm/arm-gnu-toolchain/bin/../lib/gcc/arm-none-eabi/6.3.1/../../../../arm-none-eabi/lib/thumb/v7e-m\libc_nano.a(lib_a-nano-vfprintf.o)
 .rodata._setlocale_r.str1.1
                0x0000c5f5        0x8 c:/program files (x86)/atmel/studio/7.0/toolchain/arm/arm-gnu-toolchain/bin/../lib/gcc/arm-none-eabi/6.3.1/../../../../arm-none-eabi/lib/thumb/v7e-m\libc_nano.a(lib_a-locale.o)
                                  0x9 (size before relaxing)
 .rodata.str1.1
                0x0000c5fd        0x2 c:/program files (x86)/atmel/studio/7.0/toolchain/arm/arm-gnu-toolchain/bin/../lib/gcc/arm-none-eabi/6.3.1/../../../../arm-none-eabi/lib/thumb/v7e-m\libc_nano.a(lib_a-locale.o)
 .rodata._ctype_
                0x0000c5ff      0x101 c:/program files (x86)/atmel/studio/7.0/toolchain/arm/arm-gnu-toolchain/bin/../lib/gcc/arm-none-eabi/6.3.1/../../../../arm-none-eabi/lib/thumb/v7e-m\libc_nano.a(lib_a-ctype_.o)
                0x0000c5ff                _ctype_
 *(.ARM.extab* .gnu.linkonce.armextab.*)
                0x0000c700                . = ALIGN (0x4)
 *(.init)
 .init          0x0000c700        0x4 c:/program files (x86)/atmel/studio/7.0/toolchain/arm/arm-gnu-toolchain/bin/../lib/gcc/arm-none-eabi/6.3.1/thumb/v7e-m/crti.o
                0x0000c700                _init
 .init          0x0000c704        0x8 c:/program files (x86)/atmel/studio/7.0/toolchain/arm/arm-gnu-toolchain/bin/../lib/gcc/arm-none-eabi/6.3.1/thumb/v7e-m/crtn.o
                0x0000c70c                . = ALIGN (0x4)
                0x0000c70c                __preinit_array_start = .
 *(.preinit_array)
                0x0000c70c                __preinit_array_end = .
                0x0000c70c                . = ALIGN (0x4)
                0x0000c70c                __init_array_start = .
 *(SORT(.init_array.*))
 *(.init_array)
 .init_array    0x0000c70c        0x4 c:/program files (x86)/atmel/studio/7.0/toolchain/arm/arm-gnu-toolchain/bin/../lib/gcc/arm-none-eabi/6.3.1/thumb/v7e-m/crtbegin.o
                0x0000c710                __init_array_end = .
                0x0000c710                . = ALIGN (0x4)
 *crtbegin.o(.ctors)
 *(EXCLUDE_FILE(*crtend.o) .ctors)
 *(SORT(.ctors.*))
 *crtend.o(.ctors)
                0x0000c710                . = ALIGN (0x4)
 *(.fini)
 .fini          0x0000c710        0x4 c:/program files (x86)/atmel/studio/7.0/toolchain/arm/arm-gnu-toolchain/bin/../lib/gcc/arm-none-eabi/6.3.1/thumb/v7e-m/crti.o
                0x0000c710                _fini
 .fini          0x0000c714        0x8 c:/program files (x86)/atmel/studio/7.0/toolchain/arm/arm-gnu-toolchain/bin/../lib/gcc/arm-none-eabi/6.3.1/thumb/v7e-m/crtn.o
                0x0000c71c                . = ALIGN (0x4)
                0x0000c71c                __fini_array_start = .
 *(.fini_array)
 .fini_array    0x0000c71c        0x4 c:/program files (x86)/atmel/studio/7.0/toolchain/arm/arm-gnu-toolchain/bin/../lib/gcc/arm-none-eabi/6.3.1/thumb/v7e-m/crtbegin.o
 *(SORT(.fini_array.*))
                0x0000c720                __fini_array_end = .
 *crtbegin.o(.dtors)
 *(EXCLUDE_FILE(*crtend.o) .dtors)
 *(SORT(.dtors.*))
 *crtend.o(.dtors)
                0x0000c720                . = ALIGN (0x4)
                0x0000c720                _efixed = .
                [!provide]                PROVIDE (__exidx_start, .)

.vfp11_veneer   0x0000c720        0x0
 .vfp11_veneer  0x0000c720        0x0 linker stubs

.v4_bx          0x0000c720        0x0
 .v4_bx         0x0000c720        0x0 linker stubs

.iplt           0x0000c720        0x0
 .iplt          0x0000c720        0x0 c:/program files (x86)/atmel/studio/7.0/toolchain/arm/arm-gnu-toolchain/bin/../lib/gcc/arm-none-eabi/6.3.1/thumb/v7e-m/crtbegin.o

.eh_frame       0x0000c720        0x0
 .eh_frame      0x0000c720        0x0 c:/program files (x86)/atmel/studio/7.0/toolchain/arm/arm-gnu-toolchain/bin/../lib/gcc/arm-none-eabi/6.3.1/thumb/v7e-m/crtbegin.o

.rel.dyn        0x0000c720        0x0
 .rel.iplt      0x0000c720        0x0 c:/program files (x86)/atmel/studio/7.0/toolchain/arm/arm-gnu-toolchain/bin/../lib/gcc/arm-none-eabi/6.3.1/thumb/v7e-m/crtbegin.o

.jcr            0x0000c720        0x0
 .jcr           0x0000c720        0x0 c:/program files (x86)/atmel/studio/7.0/toolchain/arm/arm-gnu-toolchain/bin/../lib/gcc/arm-none-eabi/6.3.1/thumb/v7e-m/crtbegin.o

.igot.plt       0x0000c720        0x0
 .igot.plt      0x0000c720        0x0 c:/program files (x86)/atmel/studio/7.0/toolchain/arm/arm-gnu-toolchain/bin/../lib/gcc/arm-none-eabi/6.3.1/thumb/v7e-m/crtbegin.o

.ARM.exidx
 *(.ARM.exidx* .gnu.linkonce.armexidx.*)
                [!provide]                PROVIDE (__exidx_end, .)
                0x0000c720                . = ALIGN (0x4)
                0x0000c720                _etext = .

.relocate       0x20000000      0x254 load address 0x0000c720
                0x20000000                . = ALIGN (0x4)
                0x20000000                _srelocate = .
 *(.ramfunc .ramfunc.*)
 .ramfunc       0x20000000       0x74 src/ASF/sam/drivers/bpm/bpm.o
                0x20000000                bpm_ps_no_halt_exec
 *(.data .data.*)
 .data.g_interrupt_enabled
                0x20000074        0x1 src/ASF/common/utils/interrupt/interrupt_sam_nvic.o
                0x20000074                g_interrupt_enabled
 *fill*         0x20000075        0x3 
 .data.flashcalw_wait_until_ready
                0x20000078        0x4 src/ASF/sam/drivers/flashcalw/flashcalw.o
                0x20000078                flashcalw_wait_until_ready
 .data.radius   0x2000007c        0x4 src/main.o
                0x2000007c                radius
 .data.__fdlib_version
                0x20000080        0x1 c:/program files (x86)/atmel/studio/7.0/toolchain/arm/arm-gnu-toolchain/bin/../lib/gcc/arm-none-eabi/6.3.1/../../../../arm-none-eabi/lib/thumb/v7e-m\libm.a(lib_a-s_lib_ver.o)
                0x20000080                __fdlib_version
 *fill*         0x20000081        0x3 
 .data._impure_ptr
                0x20000084        0x4 c:/program files (x86)/atmel/studio/7.0/toolchain/arm/arm-gnu-toolchain/bin/../lib/gcc/arm-none-eabi/6.3.1/../../../../arm-none-eabi/lib/thumb/v7e-m\libc_nano.a(lib_a-impure.o)
                0x20000084                _impure_ptr
 .data.impure_data
                0x20000088       0x60 c:/program files (x86)/atmel/studio/7.0/toolchain/arm/arm-gnu-toolchain/bin/../lib/gcc/arm-none-eabi/6.3.1/../../../../arm-none-eabi/lib/thumb/v7e-m\libc_nano.a(lib_a-impure.o)
 .data.__global_locale
                0x200000e8      0x16c c:/program files (x86)/atmel/studio/7.0/toolchain/arm/arm-gnu-toolchain/bin/../lib/gcc/arm-none-eabi/6.3.1/../../../../arm-none-eabi/lib/thumb/v7e-m\libc_nano.a(lib_a-locale.o)
                0x200000e8                __global_locale
                0x20000254                . = ALIGN (0x4)
                0x20000254                _erelocate = .

.bss            0x20000254      0x1a4 load address 0x0000c974
                0x20000254                . = ALIGN (0x4)
                0x20000254                _sbss = .
                0x20000254                _szero = .
 *(.bss .bss.*)
 .bss           0x20000254       0x1c c:/program files (x86)/atmel/studio/7.0/toolchain/arm/arm-gnu-toolchain/bin/../lib/gcc/arm-none-eabi/6.3.1/thumb/v7e-m/crtbegin.o
 .bss.p_twim_tx_data
                0x20000270       0x10 src/ASF/sam/drivers/twim/twim.o
 .bss.p_twim_rx_data
                0x20000280       0x10 src/ASF/sam/drivers/twim/twim.o
 .bss.transfer_status
                0x20000290        0x4 src/ASF/sam/drivers/twim/twim.o
 .bss.twim_tx_nb_bytes
                0x20000294       0x10 src/ASF/sam/drivers/twim/twim.o
 .bss.twim_rx_nb_bytes
                0x200002a4       0x10 src/ASF/sam/drivers/twim/twim.o
 .bss.twim_it_mask
                0x200002b4       0x10 src/ASF/sam/drivers/twim/twim.o
 .bss.twim_next_cmd_xfer_valid
                0x200002c4        0x4 src/ASF/sam/drivers/twim/twim.o
 .bss.p_twim_next_tx_data
                0x200002c8       0x10 src/ASF/sam/drivers/twim/twim.o
 .bss.p_twim_next_rx_data
                0x200002d8       0x10 src/ASF/sam/drivers/twim/twim.o
 .bss.twim_next_tx_nb_bytes
                0x200002e8       0x10 src/ASF/sam/drivers/twim/twim.o
 .bss.twim_next_rx_nb_bytes
                0x200002f8       0x10 src/ASF/sam/drivers/twim/twim.o
 .bss.ul_reg_val.8169
                0x20000308        0x4 src/ASF/sam/drivers/usart/usart.o
 .bss.gpio_int_sources
                0x2000030c       0x30 src/ASF/sam/drivers/gpio/gpio.o
 .bss.gpio_nb_sources
                0x2000033c        0x4 src/ASF/sam/drivers/gpio/gpio.o
 .bss.lcdca_callback_pointer
                0x20000340        0x4 src/ASF/sam/drivers/lcdca/lcdca.o
                0x20000340                lcdca_callback_pointer
 .bss.open_loop_done.8295
                0x20000344        0x1 src/ASF/common/services/clock/sam4l/dfll.o
 *fill*         0x20000345        0x3 
 .bss.flashcalw_error_status
                0x20000348        0x4 src/ASF/sam/drivers/flashcalw/flashcalw.o
 .bss.heap.5297
                0x2000034c        0x4 src/ASF/sam/utils/syscalls/gcc/syscalls.o
 .bss.watchState
                0x20000350        0x1 src/main.o
                0x20000350                watchState
 .bss.displayState
                0x20000351        0x1 src/main.o
                0x20000351                displayState
 *fill*         0x20000352        0x2 
 .bss.curTime   0x20000354        0x4 src/main.o
                0x20000354                curTime
 .bss.pressTime
                0x20000358        0x4 src/main.o
                0x20000358                pressTime
 .bss.prevTime  0x2000035c        0x4 src/main.o
                0x2000035c                prevTime
 .bss.ticks     0x20000360        0x4 src/main.o
                0x20000360                ticks
 .bss.__malloc_free_list
                0x20000364        0x4 c:/program files (x86)/atmel/studio/7.0/toolchain/arm/arm-gnu-toolchain/bin/../lib/gcc/arm-none-eabi/6.3.1/../../../../arm-none-eabi/lib/thumb/v7e-m\libc_nano.a(lib_a-nano-mallocr.o)
                0x20000364                __malloc_free_list
 .bss.__malloc_sbrk_start
                0x20000368        0x4 c:/program files (x86)/atmel/studio/7.0/toolchain/arm/arm-gnu-toolchain/bin/../lib/gcc/arm-none-eabi/6.3.1/../../../../arm-none-eabi/lib/thumb/v7e-m\libc_nano.a(lib_a-nano-mallocr.o)
                0x20000368                __malloc_sbrk_start
 *(COMMON)
 COMMON         0x2000036c        0x4 src/ASF/common/utils/stdio/read.o
                0x2000036c                ptr_get
 COMMON         0x20000370        0x8 src/ASF/common/utils/stdio/write.o
                0x20000370                ptr_put
                0x20000374                stdio_base
 COMMON         0x20000378       0x10 src/ASF/sam/drivers/twim/twim.o
                0x20000378                twim_callback_pointer
 COMMON         0x20000388        0x8 src/ASF/common/services/sleepmgr/sam4l/sleepmgr.o
                0x20000388                sleepmgr_locks
 COMMON         0x20000390       0x24 src/ASF/sam/drivers/eic/eic.o
                0x20000390                eic_callback_pointer
 COMMON         0x200003b4       0x40 src/ASF/sam/drivers/pdca/pdca.o
                0x200003b4                pdca_callback_pointer
 COMMON         0x200003f4        0x4 c:/program files (x86)/atmel/studio/7.0/toolchain/arm/arm-gnu-toolchain/bin/../lib/gcc/arm-none-eabi/6.3.1/../../../../arm-none-eabi/lib/thumb/v7e-m\libc_nano.a(lib_a-reent.o)
                0x200003f4                errno
                0x200003f8                . = ALIGN (0x4)
                0x200003f8                _ebss = .
                0x200003f8                _ezero = .

.stack          0x200003f8     0x1000 load address 0x0000cb18
                0x200003f8                . = ALIGN (0x8)
                0x200003f8                _sstack = .
                0x200013f8                . = (. + __stack_size__)
 *fill*         0x200003f8     0x1000 
                0x200013f8                . = ALIGN (0x8)
                0x200013f8                _estack = .
                0x200013f8                . = ALIGN (0x4)
                0x200013f8                _end = .
OUTPUT(Embedded_Lab_Shively.elf elf32-littlearm)

.ARM.attributes
                0x00000000       0x2a
 .ARM.attributes
                0x00000000       0x1e c:/program files (x86)/atmel/studio/7.0/toolchain/arm/arm-gnu-toolchain/bin/../lib/gcc/arm-none-eabi/6.3.1/thumb/v7e-m/crti.o
 .ARM.attributes
                0x0000001e       0x2e c:/program files (x86)/atmel/studio/7.0/toolchain/arm/arm-gnu-toolchain/bin/../lib/gcc/arm-none-eabi/6.3.1/thumb/v7e-m/crtbegin.o
 .ARM.attributes
                0x0000004c       0x33 src/ASF/common/utils/stdio/read.o
 .ARM.attributes
                0x0000007f       0x33 src/ASF/common/utils/stdio/write.o
 .ARM.attributes
                0x000000b2       0x33 src/ASF/sam/drivers/twim/twim.o
 .ARM.attributes
                0x000000e5       0x33 src/ASF/sam/drivers/usart/usart.o
 .ARM.attributes
                0x00000118       0x33 src/ASF/common/services/sleepmgr/sam4l/sleepmgr.o
 .ARM.attributes
                0x0000014b       0x33 src/ASF/sam/components/display/c42412a/c42412a_lcdca.o
 .ARM.attributes
                0x0000017e       0x33 src/ASF/sam/drivers/eic/eic.o
 .ARM.attributes
                0x000001b1       0x33 src/ASF/sam/drivers/gpio/gpio.o
 .ARM.attributes
                0x000001e4       0x33 src/ASF/sam/drivers/lcdca/lcdca.o
 .ARM.attributes
                0x00000217       0x33 src/ASF/sam/drivers/pdca/pdca.o
 .ARM.attributes
                0x0000024a       0x33 src/ASF/common/services/clock/sam4l/dfll.o
 .ARM.attributes
                0x0000027d       0x33 src/ASF/common/services/clock/sam4l/osc.o
 .ARM.attributes
                0x000002b0       0x33 src/ASF/common/services/clock/sam4l/sysclk.o
 .ARM.attributes
                0x000002e3       0x33 src/ASF/common/utils/interrupt/interrupt_sam_nvic.o
 .ARM.attributes
                0x00000316       0x33 src/ASF/sam/boards/sam4l8_xplained_pro/init.o
 .ARM.attributes
                0x00000349       0x33 src/ASF/sam/drivers/bpm/bpm.o
 .ARM.attributes
                0x0000037c       0x33 src/ASF/sam/drivers/flashcalw/flashcalw.o
 .ARM.attributes
                0x000003af       0x33 src/ASF/sam/drivers/wdt/wdt_sam4l.o
 .ARM.attributes
                0x000003e2       0x33 src/ASF/sam/utils/cmsis/sam4l/source/templates/exceptions.o
 .ARM.attributes
                0x00000415       0x33 src/ASF/sam/utils/cmsis/sam4l/source/templates/gcc/startup_sam4l.o
 .ARM.attributes
                0x00000448       0x33 src/ASF/sam/utils/syscalls/gcc/syscalls.o
 .ARM.attributes
                0x0000047b       0x33 src/main.o
 .ARM.attributes
                0x000004ae       0x2e c:/program files (x86)/atmel/studio/7.0/toolchain/arm/arm-gnu-toolchain/bin/../lib/gcc/arm-none-eabi/6.3.1/../../../../arm-none-eabi/lib/thumb/v7e-m\libm.a(lib_a-s_cos.o)
 .ARM.attributes
                0x000004dc       0x2e c:/program files (x86)/atmel/studio/7.0/toolchain/arm/arm-gnu-toolchain/bin/../lib/gcc/arm-none-eabi/6.3.1/../../../../arm-none-eabi/lib/thumb/v7e-m\libm.a(lib_a-w_asin.o)
 .ARM.attributes
                0x0000050a       0x2e c:/program files (x86)/atmel/studio/7.0/toolchain/arm/arm-gnu-toolchain/bin/../lib/gcc/arm-none-eabi/6.3.1/../../../../arm-none-eabi/lib/thumb/v7e-m\libm.a(lib_a-w_sqrt.o)
 .ARM.attributes
                0x00000538       0x2e c:/program files (x86)/atmel/studio/7.0/toolchain/arm/arm-gnu-toolchain/bin/../lib/gcc/arm-none-eabi/6.3.1/../../../../arm-none-eabi/lib/thumb/v7e-m\libm.a(lib_a-e_asin.o)
 .ARM.attributes
                0x00000566       0x2e c:/program files (x86)/atmel/studio/7.0/toolchain/arm/arm-gnu-toolchain/bin/../lib/gcc/arm-none-eabi/6.3.1/../../../../arm-none-eabi/lib/thumb/v7e-m\libm.a(lib_a-e_rem_pio2.o)
 .ARM.attributes
                0x00000594       0x2e c:/program files (x86)/atmel/studio/7.0/toolchain/arm/arm-gnu-toolchain/bin/../lib/gcc/arm-none-eabi/6.3.1/../../../../arm-none-eabi/lib/thumb/v7e-m\libm.a(lib_a-e_sqrt.o)
 .ARM.attributes
                0x000005c2       0x2e c:/program files (x86)/atmel/studio/7.0/toolchain/arm/arm-gnu-toolchain/bin/../lib/gcc/arm-none-eabi/6.3.1/../../../../arm-none-eabi/lib/thumb/v7e-m\libm.a(lib_a-k_cos.o)
 .ARM.attributes
                0x000005f0       0x2e c:/program files (x86)/atmel/studio/7.0/toolchain/arm/arm-gnu-toolchain/bin/../lib/gcc/arm-none-eabi/6.3.1/../../../../arm-none-eabi/lib/thumb/v7e-m\libm.a(lib_a-k_rem_pio2.o)
 .ARM.attributes
                0x0000061e       0x2e c:/program files (x86)/atmel/studio/7.0/toolchain/arm/arm-gnu-toolchain/bin/../lib/gcc/arm-none-eabi/6.3.1/../../../../arm-none-eabi/lib/thumb/v7e-m\libm.a(lib_a-k_sin.o)
 .ARM.attributes
                0x0000064c       0x2e c:/program files (x86)/atmel/studio/7.0/toolchain/arm/arm-gnu-toolchain/bin/../lib/gcc/arm-none-eabi/6.3.1/../../../../arm-none-eabi/lib/thumb/v7e-m\libm.a(lib_a-s_fabs.o)
 .ARM.attributes
                0x0000067a       0x2e c:/program files (x86)/atmel/studio/7.0/toolchain/arm/arm-gnu-toolchain/bin/../lib/gcc/arm-none-eabi/6.3.1/../../../../arm-none-eabi/lib/thumb/v7e-m\libm.a(lib_a-s_floor.o)
 .ARM.attributes
                0x000006a8       0x2e c:/program files (x86)/atmel/studio/7.0/toolchain/arm/arm-gnu-toolchain/bin/../lib/gcc/arm-none-eabi/6.3.1/../../../../arm-none-eabi/lib/thumb/v7e-m\libm.a(lib_a-s_lib_ver.o)
 .ARM.attributes
                0x000006d6       0x2e c:/program files (x86)/atmel/studio/7.0/toolchain/arm/arm-gnu-toolchain/bin/../lib/gcc/arm-none-eabi/6.3.1/../../../../arm-none-eabi/lib/thumb/v7e-m\libm.a(lib_a-s_matherr.o)
 .ARM.attributes
                0x00000704       0x2e c:/program files (x86)/atmel/studio/7.0/toolchain/arm/arm-gnu-toolchain/bin/../lib/gcc/arm-none-eabi/6.3.1/../../../../arm-none-eabi/lib/thumb/v7e-m\libm.a(lib_a-s_nan.o)
 .ARM.attributes
                0x00000732       0x2e c:/program files (x86)/atmel/studio/7.0/toolchain/arm/arm-gnu-toolchain/bin/../lib/gcc/arm-none-eabi/6.3.1/../../../../arm-none-eabi/lib/thumb/v7e-m\libm.a(lib_a-s_scalbn.o)
 .ARM.attributes
                0x00000760       0x2e c:/program files (x86)/atmel/studio/7.0/toolchain/arm/arm-gnu-toolchain/bin/../lib/gcc/arm-none-eabi/6.3.1/../../../../arm-none-eabi/lib/thumb/v7e-m\libm.a(lib_a-s_copysign.o)
 .ARM.attributes
                0x0000078e       0x2e c:/program files (x86)/atmel/studio/7.0/toolchain/arm/arm-gnu-toolchain/bin/../lib/gcc/arm-none-eabi/6.3.1/../../../../arm-none-eabi/lib/thumb/v7e-m\libc_nano.a(lib_a-errno.o)
 .ARM.attributes
                0x000007bc       0x2e c:/program files (x86)/atmel/studio/7.0/toolchain/arm/arm-gnu-toolchain/bin/../lib/gcc/arm-none-eabi/6.3.1/../../../../arm-none-eabi/lib/thumb/v7e-m\libc_nano.a(lib_a-impure.o)
 .ARM.attributes
                0x000007ea       0x2e c:/program files (x86)/atmel/studio/7.0/toolchain/arm/arm-gnu-toolchain/bin/../lib/gcc/arm-none-eabi/6.3.1/../../../../arm-none-eabi/lib/thumb/v7e-m\libc_nano.a(lib_a-init.o)
 .ARM.attributes
                0x00000818       0x2e c:/program files (x86)/atmel/studio/7.0/toolchain/arm/arm-gnu-toolchain/bin/../lib/gcc/arm-none-eabi/6.3.1/../../../../arm-none-eabi/lib/thumb/v7e-m\libc_nano.a(lib_a-memset.o)
 .ARM.attributes
                0x00000846       0x2e c:/program files (x86)/atmel/studio/7.0/toolchain/arm/arm-gnu-toolchain/bin/../lib/gcc/arm-none-eabi/6.3.1/../../../../arm-none-eabi/lib/thumb/v7e-m\libc_nano.a(lib_a-nano-vfprintf_float.o)
 .ARM.attributes
                0x00000874       0x2e c:/program files (x86)/atmel/studio/7.0/toolchain/arm/arm-gnu-toolchain/bin/../lib/gcc/arm-none-eabi/6.3.1/../../../../arm-none-eabi/lib/thumb/v7e-m\libc_nano.a(lib_a-nano-vfprintf_i.o)
 .ARM.attributes
                0x000008a2       0x2e c:/program files (x86)/atmel/studio/7.0/toolchain/arm/arm-gnu-toolchain/bin/../lib/gcc/arm-none-eabi/6.3.1/../../../../arm-none-eabi/lib/thumb/v7e-m\libc_nano.a(lib_a-printf.o)
 .ARM.attributes
                0x000008d0       0x2e c:/program files (x86)/atmel/studio/7.0/toolchain/arm/arm-gnu-toolchain/bin/../lib/gcc/arm-none-eabi/6.3.1/../../../../arm-none-eabi/lib/thumb/v7e-m\libc_nano.a(lib_a-setbuf.o)
 .ARM.attributes
                0x000008fe       0x2e c:/program files (x86)/atmel/studio/7.0/toolchain/arm/arm-gnu-toolchain/bin/../lib/gcc/arm-none-eabi/6.3.1/../../../../arm-none-eabi/lib/thumb/v7e-m\libc_nano.a(lib_a-setvbuf.o)
 .ARM.attributes
                0x0000092c       0x2e c:/program files (x86)/atmel/studio/7.0/toolchain/arm/arm-gnu-toolchain/bin/../lib/gcc/arm-none-eabi/6.3.1/../../../../arm-none-eabi/lib/thumb/v7e-m\libc_nano.a(lib_a-sprintf.o)
 .ARM.attributes
                0x0000095a       0x17 c:/program files (x86)/atmel/studio/7.0/toolchain/arm/arm-gnu-toolchain/bin/../lib/gcc/arm-none-eabi/6.3.1/../../../../arm-none-eabi/lib/thumb/v7e-m\libc_nano.a(lib_a-strlen.o)
 .ARM.attributes
                0x00000971       0x2e c:/program files (x86)/atmel/studio/7.0/toolchain/arm/arm-gnu-toolchain/bin/../lib/gcc/arm-none-eabi/6.3.1/../../../../arm-none-eabi/lib/thumb/v7e-m\libc_nano.a(lib_a-dtoa.o)
 .ARM.attributes
                0x0000099f       0x2e c:/program files (x86)/atmel/studio/7.0/toolchain/arm/arm-gnu-toolchain/bin/../lib/gcc/arm-none-eabi/6.3.1/../../../../arm-none-eabi/lib/thumb/v7e-m\libc_nano.a(lib_a-fflush.o)
 .ARM.attributes
                0x000009cd       0x2e c:/program files (x86)/atmel/studio/7.0/toolchain/arm/arm-gnu-toolchain/bin/../lib/gcc/arm-none-eabi/6.3.1/../../../../arm-none-eabi/lib/thumb/v7e-m\libc_nano.a(lib_a-findfp.o)
 .ARM.attributes
                0x000009fb       0x2e c:/program files (x86)/atmel/studio/7.0/toolchain/arm/arm-gnu-toolchain/bin/../lib/gcc/arm-none-eabi/6.3.1/../../../../arm-none-eabi/lib/thumb/v7e-m\libc_nano.a(lib_a-fwalk.o)
 .ARM.attributes
                0x00000a29       0x2e c:/program files (x86)/atmel/studio/7.0/toolchain/arm/arm-gnu-toolchain/bin/../lib/gcc/arm-none-eabi/6.3.1/../../../../arm-none-eabi/lib/thumb/v7e-m\libc_nano.a(lib_a-localeconv.o)
 .ARM.attributes
                0x00000a57       0x2e c:/program files (x86)/atmel/studio/7.0/toolchain/arm/arm-gnu-toolchain/bin/../lib/gcc/arm-none-eabi/6.3.1/../../../../arm-none-eabi/lib/thumb/v7e-m\libc_nano.a(lib_a-makebuf.o)
 .ARM.attributes
                0x00000a85       0x2e c:/program files (x86)/atmel/studio/7.0/toolchain/arm/arm-gnu-toolchain/bin/../lib/gcc/arm-none-eabi/6.3.1/../../../../arm-none-eabi/lib/thumb/v7e-m\libc_nano.a(lib_a-malloc.o)
 .ARM.attributes
                0x00000ab3       0x1c c:/program files (x86)/atmel/studio/7.0/toolchain/arm/arm-gnu-toolchain/bin/../lib/gcc/arm-none-eabi/6.3.1/../../../../arm-none-eabi/lib/thumb/v7e-m\libc_nano.a(lib_a-memchr.o)
 .ARM.attributes
                0x00000acf       0x2e c:/program files (x86)/atmel/studio/7.0/toolchain/arm/arm-gnu-toolchain/bin/../lib/gcc/arm-none-eabi/6.3.1/../../../../arm-none-eabi/lib/thumb/v7e-m\libc_nano.a(lib_a-memcpy-stub.o)
 .ARM.attributes